[WebServer] (node:63344) Warning: The 'NO_COLOR' env is ignored due to the 'FORCE_COLOR' env being set.
[WebServer] (Use `node --trace-warnings ...` to show where the warning was created)

Running 7 tests using 1 worker

(node:72452) Warning: The 'NO_COLOR' env is ignored due to the 'FORCE_COLOR' env being set.
(Use `node --trace-warnings ...` to show where the warning was created)
  ok 1 tests\browser\model-capabilities.spec.ts:10:3 › 原图和连线参考图按归档素材去重：同素材可编辑 (3.9s)
  ok 2 tests\browser\model-capabilities.spec.ts:10:3 › 原图和连线参考图按归档素材去重：不同素材超限禁用重绘 (4.0s)
  x  3 tests\browser\model-capabilities.spec.ts:183:1 › 供应商刷新通知不覆盖未保存的模型能力草稿 (5.7s)
(node:67452) Warning: The 'NO_COLOR' env is ignored due to the 'FORCE_COLOR' env being set.
(Use `node --trace-warnings ...` to show where the warning was created)
  ok 4 tests\browser\model-capabilities.spec.ts:223:1 › 手动三态声明保存恢复并切模型，不把未知变成支持 (1.5s)
  ok 5 tests\browser\model-capabilities.spec.ts:331:1 › 明确编辑限制禁用重绘和参考图并保留原图，不发送请求 (1.9s)
  ok 6 tests\browser\model-capabilities.spec.ts:382:1 › 报告能力限制数量且 unknown 蒙版只显示未接通说明 (1.6s)
  ok 7 tests\browser\model-capabilities.spec.ts:428:1 › 单张重绘使用自己的数量，不被原节点超限草稿阻止 (2.0s)


  1) tests\browser\model-capabilities.spec.ts:183:1 › 供应商刷新通知不覆盖未保存的模型能力草稿 ─────────────────────────

    Error: expect(locator).toHaveValue(expected) failed

    Locator:  getByLabel('参考图编辑能力', { exact: true })
    Expected: "supported"
    Received: "unknown"
    Timeout:  5000ms

    Call log:
      - Expect "toHaveValue" getByLabel('参考图编辑能力', { exact: true }) with timeout 5000ms
      - waiting for getByLabel('参考图编辑能力', { exact: true })
        14 × locator resolved to <select aria-label="参考图编辑能力">…</select>
           - unexpected value "unknown"


      192 |   );
      193 |   await expect(page.getByLabel("当前模型用途")).toHaveValue("image");
    > 194 |   await expect(page.getByLabel("参考图编辑能力", { exact: true })).toHaveValue(
          |                                                             ^
      195 |     "supported",
      196 |   );
      197 |   await expect(page.getByLabel("参考图数量上限", { exact: true })).toHaveValue(
        at D:\kk-studio\KK-Studio-2.0\.worktrees\TASK-MODEL-001-capabilities\tests\browser\model-capabilities.spec.ts:194:61

    Error Context: test-results\model-capabilities-供应商刷新通知不覆盖未保存的模型能力草稿\error-context.md

  1 failed
    tests\browser\model-capabilities.spec.ts:183:1 › 供应商刷新通知不覆盖未保存的模型能力草稿 ──────────────────────────
  6 passed (22.8s)
