✔ reported image declarations preserve unsupported operations and zero reference allowance (1.0436ms)
✔ malformed capability values stay unknown instead of disabling or authorizing an operation (0.1053ms)
✔ catalog saves and reloads only whitelisted capability metadata (0.6799ms)
✔ manual declarations survive reported refresh for the same exact account and model (0.3731ms)
✔ same route in two accounts keeps separate declarations and identity edits invalidate old capabilities (0.3865ms)
✔ legacy v1 catalogs retain sizes while absent capability declarations remain unknown (0.2697ms)
✔ explicitly unsupported generate or edit is rejected by the shared submission gate (2.9275ms)
✔ model zero and tighter reference limits prevent submission without enlarging provider permission (1.5919ms)
✔ model task output limit rejects excess outputs but does not mistake legacy HTTP limits for task limits (0.4437ms)
✔ lease recheck observes a late model declaration change before the next request (2.3936ms)
✔ canvas connection affordance refuses references beyond the exact model limit (0.5275ms)
✔ image declarations do not restrict a text model on the same account (0.2471ms)
✔ canvas reference permission counts the same archived asset once and still rejects an edit prohibition (0.2309ms)
✔ new canvas nodes without an explicit model use the current command selection for reference limits (0.2041ms)
✔ text cannot submit a deleted source, cancelled task or changed identity (0.9855ms)
✔ text input cannot exceed the durable snapshot prompt limit (0.2331ms)
✔ archived results connect to the originating node and tolerate a deleted source (0.6289ms)
✔ image task input rejects oversized prompts, invalid counts and unsupported modes (0.4543ms)
✔ appendImageTask binds the source node and preserves the unsubmitted draft (0.5089ms)
✔ appendImageTask rejects a deleted source before creating a task (0.2453ms)
✔ canvasImageAttachments reads each archived self or incoming asset once without downloading previews (0.4908ms)
✔ 画布文本提示词连线不被当作未归档图片附件 (0.1434ms)
✔ canvasImageAttachments fails closed for missing or invalid archived originals (0.3466ms)
✔ archived-asset deduplication cannot hide malformed or dangling references (0.3791ms)
✔ submission gates preserve identity, capacity and health across reserve/release (10.3287ms)
✔ stale leases cannot release a connection re-added with the same id (0.4333ms)
✔ coordinated reservations serialize browser windows and reclaim orphaned leases (1.2429ms)
✔ batch rechecks the bound connection before the next HTTP request and retains completed results (17.0638ms)
ℹ tests 28
ℹ suites 0
ℹ pass 28
ℹ fail 0
ℹ cancelled 0
ℹ skipped 0
ℹ todo 0
ℹ duration_ms 203.9732
