✔ reported image declarations preserve unsupported operations and zero reference allowance (1.0455ms)
✔ malformed capability values stay unknown instead of disabling or authorizing an operation (0.1104ms)
✔ catalog saves and reloads only whitelisted capability metadata (0.635ms)
✔ manual declarations survive reported refresh for the same exact account and model (0.3615ms)
✔ same route in two accounts keeps separate declarations and identity edits invalidate old capabilities (0.4106ms)
✔ legacy v1 catalogs retain sizes while absent capability declarations remain unknown (0.4182ms)
✔ explicitly unsupported generate or edit is rejected by the shared submission gate (3.0922ms)
✔ model zero and tighter reference limits prevent submission without enlarging provider permission (1.4866ms)
✔ model task output limit rejects excess outputs but does not mistake legacy HTTP limits for task limits (0.4566ms)
✔ lease recheck observes a late model declaration change before the next request (2.1278ms)
✔ canvas connection affordance refuses references beyond the exact model limit (0.4488ms)
✔ image declarations do not restrict a text model on the same account (0.2397ms)
✖ canvas reference permission counts the same archived asset once and still rejects an edit prohibition (0.6419ms)
✔ new canvas nodes without an explicit model use the current command selection for reference limits (0.1877ms)
ℹ tests 14
ℹ suites 0
ℹ pass 13
ℹ fail 1
ℹ cancelled 0
ℹ skipped 0
ℹ todo 0
ℹ duration_ms 155.9738

✖ failing tests:

test at tests\unit\imageModelCapabilities.test.ts:420:1
✖ canvas reference permission counts the same archived asset once and still rejects an edit prohibition (0.6419ms)
  AssertionError [ERR_ASSERTION]: Expected values to be strictly equal:
  
  false !== true
  
      at TestContext.<anonymous> (file:///D:/kk-studio/KK-Studio-2.0/.worktrees/TASK-MODEL-001-capabilities/tests/unit/imageModelCapabilities.test.ts:424:10)
      at Test.runInAsyncScope (node:async_hooks:227:14)
      at Test.run (node:internal/test_runner/test:1382:25)
      at Test.processPendingSubtests (node:internal/test_runner/test:960:18)
      at Test.postRun (node:internal/test_runner/test:1522:19)
      at Test.run (node:internal/test_runner/test:1447:12)
      at async Test.processPendingSubtests (node:internal/test_runner/test:960:7) {
    generatedMessage: true,
    code: 'ERR_ASSERTION',
    actual: false,
    expected: true,
    operator: 'strictEqual',
    diff: 'simple'
  }
