
[WebServer] (node:72380) Warning: The 'NO_COLOR' env is ignored due to the 'FORCE_COLOR' env being set.
[WebServer] (Use `node --trace-warnings ...` to show where the warning was created)

Running 8 tests using 1 worker


(node:42080) Warning: The 'NO_COLOR' env is ignored due to the 'FORCE_COLOR' env being set.
(Use `node --trace-warnings ...` to show where the warning was created)

[1/8] tests\browser\canvas-history-layers.spec.ts:12:1 › 画布右键撤销和重做会恢复新增节点
[2/8] tests\browser\canvas-history-layers.spec.ts:48:1 › 画布菜单可以切换吸附并打开图层搜索定位
[3/8] tests\browser\canvas-history-layers.spec.ts:92:1 › 删除带连线节点后一次撤销恢复节点和连线，重做后仍能继续编辑
  1) tests\browser\canvas-history-layers.spec.ts:92:1 › 删除带连线节点后一次撤销恢复节点和连线，重做后仍能继续编辑 ──────────────

    Error: expect(locator).toHaveCount(expected) failed

    Locator:  getByTestId(/^canvas-node-added-video-/).first()
    Expected: 1
    Received: 0
    Timeout:  5000ms

    Call log:
      - Expect "toHaveCount" getByTestId(/^canvas-node-added-video-/).first() with timeout 5000ms
      - waiting for getByTestId(/^canvas-node-added-video-/).first()
        14 × locator resolved to 0 elements
           - unexpected value "0"


      110 |     await canvas.focus();
      111 |     await page.keyboard.press("Control+Z");
    > 112 |     await expect(node).toHaveCount(1);
          |                        ^
      113 |     await expect(edge).toHaveCount(1);
      114 |     await page.keyboard.press("Control+Y");
      115 |     await expect(node).toHaveCount(0);
        at D:\kk-studio\KK-Studio-2.0\tests\browser\canvas-history-layers.spec.ts:112:24

    Error Context: test-results\canvas-history-layers-删除带连线节点后一次撤销恢复节点和连线，重做后仍能继续编辑\error-context.md



(node:62864) Warning: The 'NO_COLOR' env is ignored due to the 'FORCE_COLOR' env being set.
(Use `node --trace-warnings ...` to show where the warning was created)

[4/8] tests\browser\canvas-history-layers.spec.ts:131:1 › 超过80帧的连续拖动只撤销一次且保留拖动前的编辑历史
  2) tests\browser\canvas-history-layers.spec.ts:131:1 › 超过80帧的连续拖动只撤销一次且保留拖动前的编辑历史 ────────────────

    Error: expect(locator).toHaveAttribute(expected) failed

    Locator:  getByTestId('canvas-node-image')
    Expected: "left: 90px; top: 107px;"
    Received: "left: 268px; top: 196px;"
    Timeout:  5000ms

    Call log:
      - Expect "toHaveAttribute" getByTestId('canvas-node-image') with timeout 5000ms
      - waiting for getByTestId('canvas-node-image')
        14 × locator resolved to <div role="group" tabindex="0" data-node-id="image" data-selected="false" aria-expanded="false" data-canvas-node="true" data-testid="canvas-node-image" aria-describedby="canvas-drag-help" aria-label="图片创建卡片，点击或按回车选择，拖动可移动，方向键可微调" class="canvas-node canvas-node-image     ">…</div>
           - unexpected value "left: 268px; top: 196px;"


      147 |   await canvas.focus();
      148 |   await page.keyboard.press("Control+Z");
    > 149 |   await expect(node).toHaveAttribute("style", beforeDrag);
          |                      ^
      150 |   await page.keyboard.press("Control+Z");
      151 |   await expect(node).toHaveAttribute("style", initial!);
      152 |   await page.keyboard.press("Control+Y");
        at D:\kk-studio\KK-Studio-2.0\tests\browser\canvas-history-layers.spec.ts:149:22

    Error Context: test-results\canvas-history-layers-超过80帧的连续拖动只撤销一次且保留拖动前的编辑历史\error-context.md



(node:58768) Warning: The 'NO_COLOR' env is ignored due to the 'FORCE_COLOR' env being set.
(Use `node --trace-warnings ...` to show where the warning was created)

[5/8] tests\browser\canvas-history-layers.spec.ts:159:3 › Escape取消手势恢复起点且不清空已有重做
  3) tests\browser\canvas-history-layers.spec.ts:159:3 › Escape取消手势恢复起点且不清空已有重做 ────────────────────

    Error: expect(locator).toHaveAttribute(expected) failed

    Locator:  getByTestId('canvas-node-image')
    Expected: "left: 82px; top: 107px;"
    Received: "left: 182px; top: 167px;"
    Timeout:  5000ms

    Call log:
      - Expect "toHaveAttribute" getByTestId('canvas-node-image') with timeout 5000ms
      - waiting for getByTestId('canvas-node-image')
        14 × locator resolved to <div role="group" tabindex="0" data-node-id="image" data-selected="false" aria-expanded="false" data-canvas-node="true" data-testid="canvas-node-image" aria-describedby="canvas-drag-help" aria-label="图片创建卡片，点击或按回车选择，拖动可移动，方向键可微调" class="canvas-node canvas-node-image     ">…</div>
           - unexpected value "left: 182px; top: 167px;"


      185 |     else await page.keyboard.press("Escape");
      186 |     await page.mouse.up({ button });
    > 187 |     await expect(node).toHaveAttribute("style", initialNode);
          |                        ^
      188 |     await expect(stage).toHaveAttribute("style", initialStage);
      189 |     await canvas.focus();
      190 |     await page.keyboard.press("Control+Y");
        at D:\kk-studio\KK-Studio-2.0\tests\browser\canvas-history-layers.spec.ts:187:24

    Error Context: test-results\canvas-history-layers-Escape取消手势恢复起点且不清空已有重做\error-context.md



(node:29868) Warning: The 'NO_COLOR' env is ignored due to the 'FORCE_COLOR' env being set.
(Use `node --trace-warnings ...` to show where the warning was created)

[6/8] tests\browser\canvas-history-layers.spec.ts:159:3 › pointercancel取消手势恢复起点且不清空已有重做
  4) tests\browser\canvas-history-layers.spec.ts:159:3 › pointercancel取消手势恢复起点且不清空已有重做 ─────────────

    Error: expect(locator).toHaveAttribute(expected) failed

    Locator:  getByTestId('canvas-node-image')
    Expected: "left: 90px; top: 107px;"
    Received: "left: 82px; top: 107px;"
    Timeout:  5000ms

    Call log:
      - Expect "toHaveAttribute" getByTestId('canvas-node-image') with timeout 5000ms
      - waiting for getByTestId('canvas-node-image')
        14 × locator resolved to <div role="group" tabindex="0" data-node-id="image" data-selected="false" aria-expanded="false" data-canvas-node="true" data-testid="canvas-node-image" aria-describedby="canvas-drag-help" aria-label="图片创建卡片，点击或按回车选择，拖动可移动，方向键可微调" class="canvas-node canvas-node-image     ">…</div>
           - unexpected value "left: 82px; top: 107px;"


      189 |     await canvas.focus();
      190 |     await page.keyboard.press("Control+Y");
    > 191 |     await expect(node).toHaveAttribute("style", nextNode);
          |                        ^
      192 |     await page.keyboard.press("Control+Z");
      193 |     await expect(node).toHaveAttribute("style", initialNode);
      194 |   });
        at D:\kk-studio\KK-Studio-2.0\tests\browser\canvas-history-layers.spec.ts:191:24

    Error Context: test-results\canvas-history-layers-pointercancel取消手势恢复起点且不清空已有重做\error-context.md



(node:49156) Warning: The 'NO_COLOR' env is ignored due to the 'FORCE_COLOR' env being set.
(Use `node --trace-warnings ...` to show where the warning was created)

[7/8] tests\browser\canvas-history-layers.spec.ts:159:3 › blur取消手势恢复起点且不清空已有重做
  5) tests\browser\canvas-history-layers.spec.ts:159:3 › blur取消手势恢复起点且不清空已有重做 ──────────────────────

    Error: expect(locator).toHaveAttribute(expected) failed

    Locator:  getByTestId('canvas-node-image')
    Expected: "left: 90px; top: 107px;"
    Received: "left: 82px; top: 107px;"
    Timeout:  5000ms

    Call log:
      - Expect "toHaveAttribute" getByTestId('canvas-node-image') with timeout 5000ms
      - waiting for getByTestId('canvas-node-image')
        14 × locator resolved to <div role="group" tabindex="0" data-node-id="image" data-selected="false" aria-expanded="false" data-canvas-node="true" data-testid="canvas-node-image" aria-describedby="canvas-drag-help" aria-label="图片创建卡片，点击或按回车选择，拖动可移动，方向键可微调" class="canvas-node canvas-node-image     ">…</div>
           - unexpected value "left: 82px; top: 107px;"


      189 |     await canvas.focus();
      190 |     await page.keyboard.press("Control+Y");
    > 191 |     await expect(node).toHaveAttribute("style", nextNode);
          |                        ^
      192 |     await page.keyboard.press("Control+Z");
      193 |     await expect(node).toHaveAttribute("style", initialNode);
      194 |   });
        at D:\kk-studio\KK-Studio-2.0\tests\browser\canvas-history-layers.spec.ts:191:24

    Error Context: test-results\canvas-history-layers-blur取消手势恢复起点且不清空已有重做\error-context.md


(node:29844) Warning: The 'NO_COLOR' env is ignored due to the 'FORCE_COLOR' env being set.

(Use `node --trace-warnings ...` to show where the warning was created)

[8/8] tests\browser\canvas-history-layers.spec.ts:159:3 › pan取消手势恢复起点且不清空已有重做
  6) tests\browser\canvas-history-layers.spec.ts:159:3 › pan取消手势恢复起点且不清空已有重做 ───────────────────────

    Error: expect(locator).toHaveAttribute(expected) failed

    Locator:  getByTestId('canvas-node-image')
    Expected: "left: 90px; top: 107px;"
    Received: "left: 82px; top: 107px;"
    Timeout:  5000ms

    Call log:
      - Expect "toHaveAttribute" getByTestId('canvas-node-image') with timeout 5000ms
      - waiting for getByTestId('canvas-node-image')
        14 × locator resolved to <div role="group" tabindex="0" data-node-id="image" data-selected="false" aria-expanded="false" data-canvas-node="true" data-testid="canvas-node-image" aria-describedby="canvas-drag-help" aria-label="图片创建卡片，点击或按回车选择，拖动可移动，方向键可微调" class="canvas-node canvas-node-image     ">…</div>
           - unexpected value "left: 82px; top: 107px;"


      189 |     await canvas.focus();
      190 |     await page.keyboard.press("Control+Y");
    > 191 |     await expect(node).toHaveAttribute("style", nextNode);
          |                        ^
      192 |     await page.keyboard.press("Control+Z");
      193 |     await expect(node).toHaveAttribute("style", initialNode);
      194 |   });
        at D:\kk-studio\KK-Studio-2.0\tests\browser\canvas-history-layers.spec.ts:191:24

    Error Context: test-results\canvas-history-layers-pan取消手势恢复起点且不清空已有重做\error-context.md


  6 failed
    tests\browser\canvas-history-layers.spec.ts:92:1 › 删除带连线节点后一次撤销恢复节点和连线，重做后仍能继续编辑 ───────────────
    tests\browser\canvas-history-layers.spec.ts:131:1 › 超过80帧的连续拖动只撤销一次且保留拖动前的编辑历史 ─────────────────
    tests\browser\canvas-history-layers.spec.ts:159:3 › Escape取消手势恢复起点且不清空已有重做 ─────────────────────
    tests\browser\canvas-history-layers.spec.ts:159:3 › pointercancel取消手势恢复起点且不清空已有重做 ──────────────
    tests\browser\canvas-history-layers.spec.ts:159:3 › blur取消手势恢复起点且不清空已有重做 ───────────────────────
    tests\browser\canvas-history-layers.spec.ts:159:3 › pan取消手势恢复起点且不清空已有重做 ────────────────────────
  2 passed (51.7s)
