
> kk-studio@2.1.0 client:build:agent
> npm run agent:package && tauri build --config src-tauri/tauri.agent.conf.json --no-bundle


> kk-studio@2.1.0 agent:package
> npm run agent:build && node scripts/agent/runtime-package.mjs


> kk-studio@2.1.0 agent:build
> node scripts/agent/install-idle-preparation.mjs && node scripts/agent/install-desktop-support.mjs && tsc -p vendor/canvas-agent/tsconfig.json

Agent conditional idle preparation: installed and verified.
Agent desktop configuration, ephemeral port and memory credentials verified.
Agent runtime packaged: 4269 files, win32/x64.
        Info Looking up installed tauri packages to check mismatched versions...
        Warn The bundle identifier "com.kkstudio.app" set in `"tauri.conf.json" identifier` ends with `.app`. This is not recommended because it conflicts with the application bundle extension on macOS.
     Running beforeBuildCommand `npm run build`

> kk-studio@2.1.0 build
> tsc -b && vite build

vite v7.3.6 building client environment for production...
transforming...
node_modules/zod/v4/core/util.js (330:0): A comment

"// Wrapped in a `@__PURE__` IIFE: esbuild never tree-shakes a top-level initializer that contains a member access on `Number`, so the bare object literal survived into every bundle."

in "node_modules/zod/v4/core/util.js" contains an annotation that Rollup cannot interpret due to the position of the comment. The comment will be removed to avoid issues.
node_modules/zod/v4/core/regexes.js (70:0): A comment

"/** Anchors a pattern source. The interpolation lives here rather than at the call site because
 * esbuild will not drop a `@__PURE__` call whose own argument interpolates a variable, but it
 * will drop `anchor(dateSource)`. Keeping it inline pinned `date` into every bundle. */"

in "node_modules/zod/v4/core/regexes.js" contains an annotation that Rollup cannot interpret due to the position of the comment. The comment will be removed to avoid issues.
✓ 2921 modules transformed.
rendering chunks...
computing gzip size...
dist/index.html                                      0.57 kB │ gzip:   0.35 kB
dist/assets/inter-latin-400-normal-C38fXH4l.woff2   23.66 kB
dist/assets/inter-latin-500-normal-Cerq10X2.woff2   24.27 kB
dist/assets/inter-latin-700-normal-Yt3aPRUw.woff2   24.36 kB
dist/assets/inter-latin-600-normal-LgqL8muc.woff2   24.45 kB
dist/assets/inter-latin-400-normal-CyCys3Eg.woff    30.70 kB
dist/assets/inter-latin-600-normal-CiBQ2DWP.woff    31.26 kB
dist/assets/inter-latin-500-normal-BL9OpVg8.woff    31.28 kB
dist/assets/inter-latin-700-normal-BLAVimhd.woff    31.32 kB
dist/assets/index-CxFneC7m.css                     228.72 kB │ gzip:  39.19 kB
dist/assets/index-DRgkYMRT.js                      831.50 kB │ gzip: 252.02 kB

(!) Some chunks are larger than 500 kB after minification. Consider:
- Using dynamic import() to code-split the application
- Use build.rollupOptions.output.manualChunks to improve chunking: https://rollupjs.org/configuration-options/#output-manualchunks
- Adjust chunk size limit for this warning via build.chunkSizeWarningLimit.
✓ built in 2.54s
   Compiling proc-macro2 v1.0.107
   Compiling quote v1.0.47
   Compiling unicode-ident v1.0.24
   Compiling serde_core v1.0.229
   Compiling parking_lot_core v0.9.12
   Compiling icu_properties_data v2.3.0
   Compiling siphasher v1.0.3
   Compiling icu_normalizer_data v2.3.0
   Compiling cfg-if v1.0.4
   Compiling windows-link v0.2.1
   Compiling fastrand v2.5.0
   Compiling stable_deref_trait v1.2.1
   Compiling zmij v1.0.23
   Compiling thiserror v2.0.20
   Compiling smallvec v1.15.2
   Compiling serde v1.0.229
   Compiling typeid v1.0.3
   Compiling memchr v2.8.3
   Compiling time-core v0.1.9
   Compiling num-conv v0.2.2
   Compiling erased-serde v0.4.10
   Compiling itoa v1.0.18
   Compiling windows-sys v0.61.2
   Compiling strsim v0.11.1
   Compiling litemap v0.8.3
   Compiling thiserror v1.0.69
   Compiling ident_case v1.0.1
   Compiling phf_shared v0.13.1
   Compiling writeable v0.6.4
   Compiling utf8_iter v1.0.4
   Compiling anyhow v1.0.104
   Compiling scopeguard v1.2.0
   Compiling new_debug_unreachable v1.0.6
   Compiling lock_api v0.4.14
   Compiling phf_generator v0.13.1
   Compiling getrandom v0.4.3
   Compiling precomputed-hash v0.1.1
   Compiling serde_json v1.0.151
   Compiling libc v0.2.189
   Compiling winnow v1.0.4
   Compiling version_check v0.9.5
   Compiling ctor-proc-macro v0.0.7
   Compiling phf_codegen v0.13.1
   Compiling windows_x86_64_msvc v0.52.6
   Compiling toml_writer v1.1.2+spec-1.1.0
   Compiling percent-encoding v2.3.2
   Compiling dtoa v1.0.11
   Compiling log v0.4.33
   Compiling autocfg v1.5.1
   Compiling aho-corasick v1.1.5
   Compiling selectors v0.36.1
   Compiling form_urlencoded v1.2.2
   Compiling tendril v0.5.1
   Compiling dtoa-short v0.3.5
   Compiling regex-syntax v0.8.11
   Compiling alloc-no-stdlib v2.0.4
   Compiling byteorder v1.5.0
   Compiling unic-common v0.9.0
   Compiling unic-char-range v0.9.0
   Compiling camino v1.2.5
   Compiling parking_lot v0.12.5
   Compiling servo_arc v0.4.3
   Compiling toml_parser v1.1.3+spec-1.1.0
   Compiling unic-char-property v0.9.0
   Compiling unic-ucd-version v0.9.0
   Compiling alloc-stdlib v0.2.4
   Compiling fnv v1.0.7
   Compiling bytes v1.12.1
   Compiling hashbrown v0.17.1
   Compiling bitflags v2.13.1
   Compiling rustc-hash v2.1.3
   Compiling indexmap v1.9.3
   Compiling hashbrown v0.12.3
   Compiling deranged v0.5.8
   Compiling schemars v0.8.22
   Compiling equivalent v1.0.2
   Compiling bit-vec v0.8.0
   Compiling powerfmt v0.2.0
   Compiling brotli-decompressor v5.0.3
   Compiling unic-ucd-ident v0.9.0
   Compiling string_cache v0.9.0
   Compiling quick-xml v0.41.0
   Compiling syn v2.0.119
   Compiling syn v3.0.3
   Compiling string_cache_codegen v0.6.1
   Compiling bit-set v0.8.0
   Compiling dyn-clone v1.0.20
   Compiling base64 v0.22.1
   Compiling dunce v1.0.5
   Compiling foldhash v0.2.0
   Compiling ctor v0.8.0
   Compiling indexmap v2.14.0
   Compiling shlex v2.0.1
   Compiling pin-project-lite v0.2.17
   Compiling find-msvc-tools v0.1.11
   Compiling glob v0.3.4
   Compiling generic-array v0.14.7
   Compiling web_atoms v0.2.6
   Compiling windows-link v0.1.3
   Compiling brotli v8.0.4
   Compiling time v0.3.55
   Compiling http v1.5.0
   Compiling winapi-util v0.1.11
   Compiling cc v1.4.3
   Compiling same-file v1.0.6
   Compiling windows-targets v0.52.6
   Compiling walkdir v2.5.0
   Compiling serde_spanned v1.1.1
   Compiling semver v1.0.28
   Compiling uuid v1.24.1
   Compiling toml_datetime v1.1.1+spec-1.1.0
   Compiling regex-automata v0.4.18
   Compiling once_cell v1.21.4
   Compiling crc32fast v1.5.0
   Compiling toml v1.1.4+spec-1.1.0
   Compiling windows-sys v0.59.0
   Compiling windows-strings v0.4.2
   Compiling windows-result v0.3.4
   Compiling cfb v0.7.3
   Compiling rustc_version v0.4.1
   Compiling toml_datetime v0.7.5+spec-1.1.0
   Compiling serde-untagged v0.1.9
   Compiling winnow v0.7.15
   Compiling option-ext v0.2.0
   Compiling dirs-sys v0.5.0
   Compiling heck v0.5.0
   Compiling dirs v6.0.0
   Compiling tracing-core v0.1.36
   Compiling windows-threading v0.1.0
   Compiling futures-core v0.3.34
   Compiling infer v0.19.0
   Compiling time-macros v0.2.32
   Compiling raw-window-handle v0.6.2
   Compiling vswhom-sys v0.1.3
   Compiling simd-adler32 v0.3.10
   Compiling tracing v0.1.44
   Compiling typenum v1.20.1
   Compiling adler2 v2.0.1
   Compiling crossbeam-utils v0.8.22
   Compiling miniz_oxide v0.8.9
   Compiling cookie v0.18.2
   Compiling windows_x86_64_msvc v0.53.1
   Compiling toml v0.9.12+spec-1.1.0
   Compiling synstructure v0.13.2
   Compiling darling_core v0.23.0
   Compiling serde_derive_internals v0.29.1
   Compiling vswhom v0.1.0
   Compiling regex v1.13.1
   Compiling flate2 v1.1.9
   Compiling fdeflate v0.3.7
   Compiling block-buffer v0.10.4
   Compiling winreg v0.55.0
   Compiling crypto-common v0.1.7
   Compiling windows-version v0.1.7
   Compiling bitflags v1.3.2
   Compiling unicode-segmentation v1.13.3
   Compiling embed-resource v3.0.11
   Compiling slab v0.4.12
   Compiling png v0.17.16
   Compiling tauri-winres v0.3.6
   Compiling digest v0.10.7
   Compiling crossbeam-channel v0.5.16
   Compiling zerovec-derive v0.11.5
   Compiling displaydoc v0.2.7
   Compiling serde_derive v1.0.229
   Compiling thiserror-impl v2.0.20
   Compiling tokio-macros v2.7.2
   Compiling zerofrom-derive v0.1.7
   Compiling yoke-derive v0.8.2
   Compiling phf_macros v0.13.1
   Compiling thiserror-impl v1.0.69
   Compiling cssparser-macros v0.6.1
   Compiling derive_more-impl v2.1.1
   Compiling schemars_derive v0.8.22
   Compiling windows-implement v0.60.2
   Compiling windows-interface v0.59.3
   Compiling socket2 v0.6.5
   Compiling mio v1.2.2
   Compiling phf v0.13.1
   Compiling webview2-com-macros v0.8.1
   Compiling windows-core v0.61.2
   Compiling zerofrom v0.1.8
   Compiling cssparser v0.36.0
   Compiling webview2-com-sys v0.38.2
   Compiling yoke v0.8.3
   Compiling derive_more v2.1.1
   Compiling tokio v1.53.1
   Compiling darling_macro v0.23.0
   Compiling markup5ever v0.38.0
   Compiling zerovec v0.11.8
   Compiling zerotrie v0.2.5
   Compiling html5ever v0.38.0
   Compiling cpufeatures v0.2.17
   Compiling windows-collections v0.2.0
   Compiling darling v0.23.0
   Compiling windows-future v0.2.1
   Compiling windows-numerics v0.2.0
   Compiling serde_with_macros v3.22.0
   Compiling wry v0.55.1
   Compiling windows v0.61.3
   Compiling tauri-runtime v2.11.3
   Compiling sha2 v0.10.9
   Compiling windows-targets v0.53.5
   Compiling ico v0.5.0
   Compiling futures-macro v0.3.34
   Compiling tinystr v0.8.4
   Compiling potential_utf v0.1.6
   Compiling http-body v1.1.0
   Compiling dom_query v0.27.0
   Compiling icu_collections v2.3.0
   Compiling futures-sink v0.3.34
   Compiling icu_locale_core v2.3.0
   Compiling futures-task v0.3.34
   Compiling mime v0.3.17
   Compiling getrandom v0.3.4
   Compiling httparse v1.10.1
   Compiling tauri-runtime-wry v2.11.4
   Compiling windows_x86_64_msvc v0.48.5
   Compiling serde_with v3.22.0
   Compiling jsonptr v0.6.3
   Compiling cargo-platform v0.1.9
   Compiling plist v1.10.0
   Compiling cargo_toml v0.22.3
   Compiling dpi v0.1.2
   Compiling cargo_metadata v0.19.2
   Compiling json-patch v3.0.1
   Compiling keyboard-types v0.7.0
   Compiling futures-util v0.3.34
   Compiling windows-sys v0.60.2
   Compiling softbuffer v0.4.8
   Compiling icu_provider v2.3.0
   Compiling serialize-to-javascript-impl v0.1.2
   Compiling try-lock v0.2.5
   Compiling tower-service v0.3.3
   Compiling native-tls v0.2.18
   Compiling atomic-waker v1.1.2
   Compiling want v0.3.1
   Compiling icu_normalizer v2.3.0
   Compiling icu_properties v2.3.0
   Compiling serialize-to-javascript v0.1.2
   Compiling window-vibrancy v0.6.0
   Compiling muda v0.19.3
   Compiling schannel v0.1.29
   Compiling serde_repr v0.1.21
   Compiling futures-channel v0.3.34
   Compiling windows-strings v0.5.1
   Compiling windows-result v0.4.1
   Compiling unicase v2.9.0
   Compiling mime_guess v2.0.5
   Compiling windows-registry v0.6.1
   Compiling windows-targets v0.48.5
   Compiling idna_adapter v1.2.2
   Compiling idna v1.1.0
   Compiling sync_wrapper v1.0.2
   Compiling tower-layer v0.3.3
   Compiling rfd v0.16.0
   Compiling ipnet v2.12.1
   Compiling zeroize v1.9.0
   Compiling windows-sys v0.48.0
   Compiling http-body-util v0.1.5
   Compiling encoding_rs v0.8.35
   Compiling ryu v1.0.23
   Compiling url v2.5.8
   Compiling zip v2.4.2
   Compiling bumpalo v3.20.3
   Compiling rustls-pki-types v1.15.1
   Compiling serde_urlencoded v0.7.1
   Compiling shared_child v1.1.1
   Compiling os_pipe v1.2.3
   Compiling zopfli v0.8.3
   Compiling open v5.4.1
   Compiling keyring v3.6.3
   Compiling ryu-js v1.0.3
   Compiling urlpattern v0.3.0
   Compiling dirs-sys v0.4.1
   Compiling dirs v5.0.1
   Compiling tauri-utils v2.9.3
   Compiling tokio-util v0.7.19
   Compiling tokio-native-tls v0.3.1
   Compiling tower v0.5.3
   Compiling h2 v0.4.17
   Compiling tower-http v0.6.11
   Compiling hyper v1.11.0
   Compiling hyper-util v0.1.20
   Compiling tauri-build v2.6.3
   Compiling tauri-plugin v2.6.3
   Compiling tauri-codegen v2.6.3
   Compiling hyper-tls v0.6.0
   Compiling reqwest v0.12.28
   Compiling tauri v2.11.5
   Compiling tauri-plugin-fs v2.5.1
   Compiling tauri-macros v2.6.3
   Compiling tauri-plugin-dialog v2.7.2
   Compiling tauri-plugin-shell v2.3.5
   Compiling kk-studio v2.1.0 (D:\kk-studio\.worktrees\TASK-UI-009-integration\src-tauri)
   Compiling tao v0.35.3
   Compiling webview2-com v0.38.2
warning: method `list` is never used
   --> src\asset_storage.rs:117:12
    |
 28 | impl AssetRepository {
    | -------------------- method in this implementation
...
117 |     pub fn list(&self) -> Result<Vec<Value>, String> {
    |            ^^^^
    |
    = note: `#[warn(dead_code)]` (part of `#[warn(unused)]`) on by default

warning: function `original_exists` is never used
  --> src\asset_io.rs:54:8
   |
54 | pub fn original_exists(path: &Path, max: usize) -> Result<bool, String> {
   |        ^^^^^^^^^^^^^^^

warning: function `temporary` is never used
  --> src\asset_io.rs:89:4
   |
89 | fn temporary(path: &Path) -> PathBuf {
   |    ^^^^^^^^^

warning: function `sync_parent` is never used
   --> src\asset_io.rs:101:4
    |
101 | fn sync_parent(path: &Path) -> Result<(), String> {
    |    ^^^^^^^^^^^

warning: function `atomic_write` is never used
   --> src\asset_io.rs:110:8
    |
110 | pub fn atomic_write(path: &Path, bytes: &[u8], record: bool) -> Result<(), String> {
    |        ^^^^^^^^^^^^

warning: `kk-studio` (bin "kk-studio") generated 5 warnings
    Finished `release` profile [optimized] target(s) in 1m 03s
       Built application at: D:\kk-studio\.worktrees\TASK-UI-009-integration\src-tauri\target\release\kk-studio.exe
