
> kk-studio@2.1.0 client:build:agent
> npm run agent:package && tauri build --config src-tauri/tauri.agent.conf.json --no-bundle


> kk-studio@2.1.0 agent:package
> npm run agent:build && node scripts/agent/runtime-package.mjs


> kk-studio@2.1.0 agent:build
> node scripts/agent/install-idle-preparation.mjs && node scripts/agent/install-desktop-support.mjs && tsc -p vendor/canvas-agent/tsconfig.json

Agent conditional idle preparation: installed and verified.
Agent desktop configuration, ephemeral port and memory credentials verified.
Agent runtime packaged: 4269 files, win32/x64.
        Info Looking up installed tauri packages to check mismatched versions...
        Warn The bundle identifier "com.kkstudio.app" set in `"tauri.conf.json" identifier` ends with `.app`. This is not recommended because it conflicts with the application bundle extension on macOS.
     Running beforeBuildCommand `npm run build`

> kk-studio@2.1.0 build
> tsc -b && vite build

vite v7.3.6 building client environment for production...
transforming...
node_modules/zod/v4/core/util.js (330:0): A comment

"// Wrapped in a `@__PURE__` IIFE: esbuild never tree-shakes a top-level initializer that contains a member access on `Number`, so the bare object literal survived into every bundle."

in "node_modules/zod/v4/core/util.js" contains an annotation that Rollup cannot interpret due to the position of the comment. The comment will be removed to avoid issues.
node_modules/zod/v4/core/regexes.js (70:0): A comment

"/** Anchors a pattern source. The interpolation lives here rather than at the call site because
 * esbuild will not drop a `@__PURE__` call whose own argument interpolates a variable, but it
 * will drop `anchor(dateSource)`. Keeping it inline pinned `date` into every bundle. */"

in "node_modules/zod/v4/core/regexes.js" contains an annotation that Rollup cannot interpret due to the position of the comment. The comment will be removed to avoid issues.
✓ 2917 modules transformed.
rendering chunks...
computing gzip size...
dist/index.html                                      0.57 kB │ gzip:   0.35 kB
dist/assets/inter-latin-400-normal-C38fXH4l.woff2   23.66 kB
dist/assets/inter-latin-500-normal-Cerq10X2.woff2   24.27 kB
dist/assets/inter-latin-700-normal-Yt3aPRUw.woff2   24.36 kB
dist/assets/inter-latin-600-normal-LgqL8muc.woff2   24.45 kB
dist/assets/inter-latin-400-normal-CyCys3Eg.woff    30.70 kB
dist/assets/inter-latin-600-normal-CiBQ2DWP.woff    31.26 kB
dist/assets/inter-latin-500-normal-BL9OpVg8.woff    31.28 kB
dist/assets/inter-latin-700-normal-BLAVimhd.woff    31.32 kB
dist/assets/index-kT3qdYgC.css                     227.00 kB │ gzip:  38.90 kB
dist/assets/index-C6vgcEAa.js                      819.45 kB │ gzip: 248.35 kB

(!) Some chunks are larger than 500 kB after minification. Consider:
- Using dynamic import() to code-split the application
- Use build.rollupOptions.output.manualChunks to improve chunking: https://rollupjs.org/configuration-options/#output-manualchunks
- Adjust chunk size limit for this warning via build.chunkSizeWarningLimit.
✓ built in 2.55s
   Compiling kk-studio v2.1.0 (D:\kk-studio\.worktrees\TASK-UI-010-ui-regression\src-tauri)
warning: method `list` is never used
   --> src\asset_storage.rs:117:12
    |
 28 | impl AssetRepository {
    | -------------------- method in this implementation
...
117 |     pub fn list(&self) -> Result<Vec<Value>, String> {
    |            ^^^^
    |
    = note: `#[warn(dead_code)]` (part of `#[warn(unused)]`) on by default

warning: function `original_exists` is never used
  --> src\asset_io.rs:54:8
   |
54 | pub fn original_exists(path: &Path, max: usize) -> Result<bool, String> {
   |        ^^^^^^^^^^^^^^^

warning: function `temporary` is never used
  --> src\asset_io.rs:89:4
   |
89 | fn temporary(path: &Path) -> PathBuf {
   |    ^^^^^^^^^

warning: function `sync_parent` is never used
   --> src\asset_io.rs:101:4
    |
101 | fn sync_parent(path: &Path) -> Result<(), String> {
    |    ^^^^^^^^^^^

warning: function `atomic_write` is never used
   --> src\asset_io.rs:110:8
    |
110 | pub fn atomic_write(path: &Path, bytes: &[u8], record: bool) -> Result<(), String> {
    |        ^^^^^^^^^^^^

warning: `kk-studio` (bin "kk-studio") generated 5 warnings
    Finished `release` profile [optimized] target(s) in 25.39s
       Built application at: D:\kk-studio\.worktrees\TASK-UI-010-ui-regression\src-tauri\target\release\kk-studio.exe
