
> kk-studio@2.1.3 client:check
> cargo check --manifest-path src-tauri/Cargo.toml

   Compiling siphasher v1.0.3
    Checking windows-link v0.2.1
   Compiling cfg-if v1.0.4
   Compiling memchr v2.8.3
   Compiling num-conv v0.2.2
   Compiling time-core v0.1.9
   Compiling writeable v0.6.4
   Compiling itoa v1.0.18
   Compiling litemap v0.8.3
   Compiling utf8_iter v1.0.4
    Checking serde_core v1.0.229
   Compiling scopeguard v1.2.0
   Compiling icu_normalizer_data v2.3.0
   Compiling icu_properties_data v2.3.0
    Checking smallvec v1.15.2
   Compiling winnow v1.0.4
   Compiling thiserror v2.0.20
   Compiling zerofrom v0.1.8
   Compiling serde_spanned v1.1.1
   Compiling zmij v1.0.23
    Checking stable_deref_trait v1.2.1
    Checking windows-sys v0.61.2
   Compiling parking_lot_core v0.9.12
   Compiling phf_shared v0.13.1
   Compiling lock_api v0.4.14
   Compiling toml_writer v1.1.2+spec-1.1.0
   Compiling getrandom v0.4.3
   Compiling log v0.4.33
   Compiling toml_datetime v1.1.1+spec-1.1.0
   Compiling yoke v0.8.3
   Compiling unic-char-range v0.9.0
   Compiling byteorder v1.5.0
   Compiling unic-common v0.9.0
   Compiling regex-syntax v0.8.11
   Compiling alloc-no-stdlib v2.0.4
   Compiling typeid v1.0.3
   Compiling equivalent v1.0.2
   Compiling uuid v1.24.1
   Compiling unic-ucd-version v0.9.0
   Compiling phf_generator v0.13.1
   Compiling parking_lot v0.12.5
   Compiling zerovec v0.11.8
   Compiling zerotrie v0.2.5
   Compiling toml_parser v1.1.3+spec-1.1.0
   Compiling serde_json v1.0.151
   Compiling aho-corasick v1.1.5
   Compiling alloc-stdlib v0.2.4
   Compiling unic-char-property v0.9.0
   Compiling fnv v1.0.7
    Checking bytes v1.12.1
   Compiling deranged v0.5.8
   Compiling powerfmt v0.2.0
   Compiling hashbrown v0.17.1
   Compiling quick-xml v0.41.0
   Compiling erased-serde v0.4.10
   Compiling phf_codegen v0.13.1
   Compiling string_cache_codegen v0.6.1
   Compiling brotli-decompressor v5.0.3
   Compiling phf_macros v0.13.1
   Compiling string_cache v0.9.0
   Compiling unic-ucd-ident v0.9.0
   Compiling cfb v0.7.3
   Compiling selectors v0.36.1
   Compiling thiserror v1.0.69
   Compiling dunce v1.0.5
   Compiling tinystr v0.8.4
   Compiling potential_utf v0.1.6
   Compiling toml v1.1.4+spec-1.1.0
   Compiling base64 v0.22.1
   Compiling serde-untagged v0.1.9
   Compiling ctor v0.8.0
   Compiling serde_with v3.22.0
   Compiling icu_locale_core v2.3.0
   Compiling icu_collections v2.3.0
   Compiling web_atoms v0.2.6
   Compiling indexmap v2.14.0
   Compiling infer v0.19.0
   Compiling anyhow v1.0.104
   Compiling glob v0.3.4
   Compiling jsonptr v0.6.3
   Compiling cargo_metadata v0.19.2
    Checking pin-project-lite v0.2.17
   Compiling time v0.3.55
   Compiling brotli v8.0.4
    Checking serde v1.0.229
   Compiling winapi-util v0.1.11
   Compiling phf v0.13.1
   Compiling http v1.5.0
   Compiling json-patch v3.0.1
    Checking windows-link v0.1.3
   Compiling regex-automata v0.4.18
   Compiling same-file v1.0.6
   Compiling cssparser v0.36.0
   Compiling walkdir v2.5.0
   Compiling windows_x86_64_msvc v0.52.6
   Compiling icu_provider v2.3.0
   Compiling windows-targets v0.52.6
   Compiling libc v0.2.189
    Checking percent-encoding v2.3.2
    Checking once_cell v1.21.4
   Compiling vswhom-sys v0.1.3
   Compiling windows-sys v0.59.0
    Checking windows-strings v0.4.2
    Checking windows-result v0.3.4
   Compiling icu_properties v2.3.0
   Compiling icu_normalizer v2.3.0
   Compiling vswhom v0.1.0
    Checking windows-core v0.61.2
   Compiling option-ext v0.2.0
   Compiling toml v0.9.12+spec-1.1.0
    Checking form_urlencoded v1.2.2
   Compiling heck v0.5.0
   Compiling dirs-sys v0.5.0
    Checking tracing-core v0.1.36
    Checking windows-threading v0.1.0
   Compiling dirs v6.0.0
    Checking futures-core v0.3.34
   Compiling time-macros v0.2.32
    Checking raw-window-handle v0.6.2
   Compiling typenum v1.20.1
    Checking windows-numerics v0.2.0
    Checking windows-collections v0.2.0
   Compiling markup5ever v0.38.0
    Checking windows-future v0.2.1
    Checking tracing v0.1.44
    Checking bitflags v2.13.1
   Compiling webview2-com-sys v0.38.2
   Compiling html5ever v0.38.0
   Compiling adler2 v2.0.1
    Checking windows v0.61.3
   Compiling plist v1.10.0
   Compiling idna_adapter v1.2.2
   Compiling cargo_toml v0.22.3
   Compiling miniz_oxide v0.8.9
   Compiling idna v1.1.0
   Compiling generic-array v0.14.7
   Compiling crc32fast v1.5.0
    Checking dpi v0.1.2
   Compiling regex v1.13.1
   Compiling url v2.5.8
   Compiling dom_query v0.27.0
   Compiling flate2 v1.1.9
   Compiling crypto-common v0.1.7
   Compiling block-buffer v0.10.4
    Checking crossbeam-utils v0.8.22
    Checking windows-version v0.1.7
    Checking slab v0.4.12
   Compiling schemars v0.8.22
   Compiling urlpattern v0.3.0
    Checking unicode-segmentation v1.13.3
   Compiling png v0.17.16
   Compiling digest v0.10.7
    Checking crossbeam-channel v0.5.16
    Checking windows_x86_64_msvc v0.53.1
   Compiling cpufeatures v0.2.17
    Checking semver v1.0.28
    Checking windows-targets v0.53.5
   Compiling sha2 v0.10.9
    Checking http-body v1.1.0
    Checking futures-sink v0.3.34
    Checking mime v0.3.17
    Checking futures-task v0.3.34
    Checking windows-sys v0.60.2
    Checking keyboard-types v0.7.0
    Checking tower-service v0.3.3
    Checking atomic-waker v1.1.2
   Compiling winreg v0.55.0
    Checking try-lock v0.2.5
    Checking futures-util v0.3.34
    Checking serialize-to-javascript v0.1.2
    Checking httparse v1.10.1
   Compiling ico v0.5.0
    Checking want v0.3.1
    Checking windows_x86_64_msvc v0.48.5
    Checking getrandom v0.3.4
   Compiling embed-resource v3.0.11
   Compiling tauri-utils v2.9.3
    Checking futures-channel v0.3.34
    Checking windows-result v0.4.1
    Checking windows-strings v0.5.1
    Checking simd-adler32 v0.3.10
   Compiling tauri-winres v0.3.6
   Compiling unicase v2.9.0
    Checking windows-targets v0.48.5
    Checking sync_wrapper v1.0.2
    Checking windows-registry v0.6.1
    Checking zeroize v1.9.0
    Checking tower-layer v0.3.3
    Checking ipnet v2.12.1
    Checking windows-sys v0.48.0
    Checking http-body-util v0.1.5
   Compiling mime_guess v2.0.5
    Checking encoding_rs v0.8.35
    Checking ryu v1.0.23
    Checking bumpalo v3.20.3
    Checking rustls-pki-types v1.15.1
    Checking open v5.4.1
    Checking ryu-js v1.0.3
    Checking serde_urlencoded v0.7.1
    Checking window-vibrancy v0.6.0
    Checking zopfli v0.8.3
    Checking cookie v0.18.2
    Checking zip v2.4.2
    Checking dirs-sys v0.4.1
    Checking dirs v5.0.1
    Checking rfd v0.16.0
    Checking shared_child v1.1.1
    Checking keyring v3.6.3
    Checking socket2 v0.6.5
    Checking mio v1.2.2
    Checking softbuffer v0.4.8
    Checking muda v0.19.3
    Checking schannel v0.1.29
    Checking os_pipe v1.2.3
    Checking native-tls v0.2.18
    Checking tokio v1.53.1
    Checking tokio-util v0.7.19
    Checking tower v0.5.3
    Checking tokio-native-tls v0.3.1
    Checking tower-http v0.6.11
    Checking h2 v0.4.17
   Compiling tauri-build v2.6.3
   Compiling tauri-plugin v2.6.3
   Compiling tauri-codegen v2.6.3
    Checking hyper v1.11.0
   Compiling tauri v2.11.5
   Compiling tauri-plugin-fs v2.5.1
   Compiling tauri-macros v2.6.3
   Compiling tauri-plugin-shell v2.3.5
   Compiling tauri-plugin-dialog v2.7.2
   Compiling kk-studio v2.1.2 (D:\kk-studio\.worktrees\T7-desktop-installer\src-tauri)
    Checking hyper-util v0.1.20
    Checking hyper-tls v0.6.0
    Checking reqwest v0.12.28
    Checking tao v0.35.3
    Checking webview2-com v0.38.2
    Checking wry v0.55.1
    Checking tauri-runtime v2.11.3
    Checking tauri-runtime-wry v2.11.4
warning: method `list` is never used
   --> src\asset_storage.rs:117:12
    |
 28 | impl AssetRepository {
    | -------------------- method in this implementation
...
117 |     pub fn list(&self) -> Result<Vec<Value>, String> {
    |            ^^^^
    |
    = note: `#[warn(dead_code)]` (part of `#[warn(unused)]`) on by default

warning: function `original_exists` is never used
  --> src\asset_io.rs:54:8
   |
54 | pub fn original_exists(path: &Path, max: usize) -> Result<bool, String> {
   |        ^^^^^^^^^^^^^^^

warning: function `temporary` is never used
  --> src\asset_io.rs:89:4
   |
89 | fn temporary(path: &Path) -> PathBuf {
   |    ^^^^^^^^^

warning: function `sync_parent` is never used
   --> src\asset_io.rs:101:4
    |
101 | fn sync_parent(path: &Path) -> Result<(), String> {
    |    ^^^^^^^^^^^

warning: function `atomic_write` is never used
   --> src\asset_io.rs:110:8
    |
110 | pub fn atomic_write(path: &Path, bytes: &[u8], record: bool) -> Result<(), String> {
    |        ^^^^^^^^^^^^

warning: `kk-studio` (bin "kk-studio") generated 5 warnings
    Finished `dev` profile [unoptimized + debuginfo] target(s) in 27.47s
