[WebServer] (node:35180) Warning: The 'NO_COLOR' env is ignored due to the 'FORCE_COLOR' env being set.
[WebServer] (Use `node --trace-warnings ...` to show where the warning was created)

Running 160 tests using 12 workers

(node:31436) Warning: The 'NO_COLOR' env is ignored due to the 'FORCE_COLOR' env being set.
(Use `node --trace-warnings ...` to show where the warning was created)
(node:64080) Warning: The 'NO_COLOR' env is ignored due to the 'FORCE_COLOR' env being set.
(Use `node --trace-warnings ...` to show where the warning was created)
(node:75376) Warning: The 'NO_COLOR' env is ignored due to the 'FORCE_COLOR' env being set.
(Use `node --trace-warnings ...` to show where the warning was created)
(node:44224) Warning: The 'NO_COLOR' env is ignored due to the 'FORCE_COLOR' env being set.
(Use `node --trace-warnings ...` to show where the warning was created)
(node:61376) Warning: The 'NO_COLOR' env is ignored due to the 'FORCE_COLOR' env being set.
(Use `node --trace-warnings ...` to show where the warning was created)
(node:25128) Warning: The 'NO_COLOR' env is ignored due to the 'FORCE_COLOR' env being set.
(Use `node --trace-warnings ...` to show where the warning was created)
(node:54688) Warning: The 'NO_COLOR' env is ignored due to the 'FORCE_COLOR' env being set.
(Use `node --trace-warnings ...` to show where the warning was created)
(node:47848) Warning: The 'NO_COLOR' env is ignored due to the 'FORCE_COLOR' env being set.
(Use `node --trace-warnings ...` to show where the warning was created)
(node:53692) Warning: The 'NO_COLOR' env is ignored due to the 'FORCE_COLOR' env being set.
(Use `node --trace-warnings ...` to show where the warning was created)
(node:23148) Warning: The 'NO_COLOR' env is ignored due to the 'FORCE_COLOR' env being set.
(Use `node --trace-warnings ...` to show where the warning was created)
(node:30588) Warning: The 'NO_COLOR' env is ignored due to the 'FORCE_COLOR' env being set.
(Use `node --trace-warnings ...` to show where the warning was created)
(node:12520) Warning: The 'NO_COLOR' env is ignored due to the 'FORCE_COLOR' env being set.
(Use `node --trace-warnings ...` to show where the warning was created)
  ok   1 tests\browser\settings-scroll.spec.ts:4:1 › 窄屏设置分类的同组入口保持在底部导航内 (773ms)
  ok   6 tests\browser\settings-scroll.spec.ts:4:1 › 窄屏设置分类的同组入口保持在底部导航内 (804ms)
  ok   4 tests\browser\settings-scroll.spec.ts:4:1 › 窄屏设置分类的同组入口保持在底部导航内 (966ms)
  ok   2 tests\browser\settings-scroll.spec.ts:4:1 › 窄屏设置分类的同组入口保持在底部导航内 (951ms)
  ok   7 tests\browser\settings-scroll.spec.ts:4:1 › 窄屏设置分类的同组入口保持在底部导航内 (937ms)
  ok   9 tests\browser\settings-scroll.spec.ts:4:1 › 窄屏设置分类的同组入口保持在底部导航内 (942ms)
  ok  12 tests\browser\settings-scroll.spec.ts:4:1 › 窄屏设置分类的同组入口保持在底部导航内 (948ms)
  ok   8 tests\browser\settings-scroll.spec.ts:4:1 › 窄屏设置分类的同组入口保持在底部导航内 (890ms)
  ok   5 tests\browser\settings-scroll.spec.ts:4:1 › 窄屏设置分类的同组入口保持在底部导航内 (998ms)
  ok   3 tests\browser\settings-scroll.spec.ts:4:1 › 窄屏设置分类的同组入口保持在底部导航内 (1.1s)
  ok  11 tests\browser\settings-scroll.spec.ts:4:1 › 窄屏设置分类的同组入口保持在底部导航内 (1.1s)
  ok  10 tests\browser\settings-scroll.spec.ts:4:1 › 窄屏设置分类的同组入口保持在底部导航内 (1.2s)
  ok  17 tests\browser\settings-scroll.spec.ts:31:1 › 插件、技能、伙伴标签可用方向键切换并显示对应内容 (1.4s)
  ok  14 tests\browser\settings-scroll.spec.ts:31:1 › 插件、技能、伙伴标签可用方向键切换并显示对应内容 (1.5s)
  ok  15 tests\browser\settings-scroll.spec.ts:31:1 › 插件、技能、伙伴标签可用方向键切换并显示对应内容 (1.5s)
  ok  16 tests\browser\settings-scroll.spec.ts:31:1 › 插件、技能、伙伴标签可用方向键切换并显示对应内容 (1.4s)
  ok  13 tests\browser\settings-scroll.spec.ts:31:1 › 插件、技能、伙伴标签可用方向键切换并显示对应内容 (1.8s)
  ok  19 tests\browser\settings-scroll.spec.ts:31:1 › 插件、技能、伙伴标签可用方向键切换并显示对应内容 (1.6s)
  ok  20 tests\browser\settings-scroll.spec.ts:31:1 › 插件、技能、伙伴标签可用方向键切换并显示对应内容 (1.6s)
  ok  18 tests\browser\settings-scroll.spec.ts:31:1 › 插件、技能、伙伴标签可用方向键切换并显示对应内容 (1.7s)
  ok  21 tests\browser\settings-scroll.spec.ts:31:1 › 插件、技能、伙伴标签可用方向键切换并显示对应内容 (1.7s)
  ok  23 tests\browser\settings-scroll.spec.ts:31:1 › 插件、技能、伙伴标签可用方向键切换并显示对应内容 (1.7s)
  ok  22 tests\browser\settings-scroll.spec.ts:31:1 › 插件、技能、伙伴标签可用方向键切换并显示对应内容 (1.8s)
  ok  24 tests\browser\settings-scroll.spec.ts:31:1 › 插件、技能、伙伴标签可用方向键切换并显示对应内容 (1.8s)
  ok  25 tests\browser\settings-scroll.spec.ts:48:1 › 手机扩展标签保持单行和触屏命中区 (2.2s)
  ok  26 tests\browser\settings-scroll.spec.ts:48:1 › 手机扩展标签保持单行和触屏命中区 (2.2s)
  ok  27 tests\browser\settings-scroll.spec.ts:48:1 › 手机扩展标签保持单行和触屏命中区 (2.3s)
  ok  28 tests\browser\settings-scroll.spec.ts:48:1 › 手机扩展标签保持单行和触屏命中区 (2.3s)
  ok  29 tests\browser\settings-scroll.spec.ts:48:1 › 手机扩展标签保持单行和触屏命中区 (2.3s)
  ok  31 tests\browser\settings-scroll.spec.ts:48:1 › 手机扩展标签保持单行和触屏命中区 (2.1s)
  ok  32 tests\browser\settings-scroll.spec.ts:48:1 › 手机扩展标签保持单行和触屏命中区 (2.1s)
  ok  30 tests\browser\settings-scroll.spec.ts:48:1 › 手机扩展标签保持单行和触屏命中区 (2.1s)
  ok  33 tests\browser\settings-scroll.spec.ts:48:1 › 手机扩展标签保持单行和触屏命中区 (2.1s)
  ok  34 tests\browser\settings-scroll.spec.ts:48:1 › 手机扩展标签保持单行和触屏命中区 (2.1s)
  ok  35 tests\browser\settings-scroll.spec.ts:48:1 › 手机扩展标签保持单行和触屏命中区 (2.1s)
  ok  36 tests\browser\settings-scroll.spec.ts:48:1 › 手机扩展标签保持单行和触屏命中区 (2.2s)
  ok  37 tests\browser\settings-scroll.spec.ts:64:1 › 首页伙伴和插件管理入口到达对应设置标签 (2.1s)
  ok  38 tests\browser\settings-scroll.spec.ts:64:1 › 首页伙伴和插件管理入口到达对应设置标签 (2.1s)
  ok  39 tests\browser\settings-scroll.spec.ts:64:1 › 首页伙伴和插件管理入口到达对应设置标签 (2.1s)
  ok  41 tests\browser\settings-scroll.spec.ts:64:1 › 首页伙伴和插件管理入口到达对应设置标签 (2.0s)
  ok  40 tests\browser\settings-scroll.spec.ts:64:1 › 首页伙伴和插件管理入口到达对应设置标签 (2.1s)
  ok  43 tests\browser\settings-scroll.spec.ts:64:1 › 首页伙伴和插件管理入口到达对应设置标签 (2.0s)
  ok  44 tests\browser\settings-scroll.spec.ts:64:1 › 首页伙伴和插件管理入口到达对应设置标签 (2.0s)
  ok  42 tests\browser\settings-scroll.spec.ts:64:1 › 首页伙伴和插件管理入口到达对应设置标签 (2.1s)
  ok  45 tests\browser\settings-scroll.spec.ts:64:1 › 首页伙伴和插件管理入口到达对应设置标签 (2.1s)
  ok  46 tests\browser\settings-scroll.spec.ts:64:1 › 首页伙伴和插件管理入口到达对应设置标签 (2.1s)
  ok  47 tests\browser\settings-scroll.spec.ts:64:1 › 首页伙伴和插件管理入口到达对应设置标签 (2.1s)
  ok  48 tests\browser\settings-scroll.spec.ts:64:1 › 首页伙伴和插件管理入口到达对应设置标签 (2.0s)
  ok  49 tests\browser\settings-scroll.spec.ts:93:3 › 隐藏滚动条后设置仍可滚轮、键盘滚动并访问全部分类 779 (1.9s)
  ok  51 tests\browser\settings-scroll.spec.ts:93:3 › 隐藏滚动条后设置仍可滚轮、键盘滚动并访问全部分类 779 (1.8s)
  ok  53 tests\browser\settings-scroll.spec.ts:93:3 › 隐藏滚动条后设置仍可滚轮、键盘滚动并访问全部分类 779 (1.8s)
  ok  50 tests\browser\settings-scroll.spec.ts:93:3 › 隐藏滚动条后设置仍可滚轮、键盘滚动并访问全部分类 779 (1.9s)
  ok  52 tests\browser\settings-scroll.spec.ts:93:3 › 隐藏滚动条后设置仍可滚轮、键盘滚动并访问全部分类 779 (1.8s)
  ok  54 tests\browser\settings-scroll.spec.ts:93:3 › 隐藏滚动条后设置仍可滚轮、键盘滚动并访问全部分类 779 (1.9s)
  ok  55 tests\browser\settings-scroll.spec.ts:93:3 › 隐藏滚动条后设置仍可滚轮、键盘滚动并访问全部分类 779 (1.9s)
  ok  56 tests\browser\settings-scroll.spec.ts:93:3 › 隐藏滚动条后设置仍可滚轮、键盘滚动并访问全部分类 779 (1.9s)
  ok  57 tests\browser\settings-scroll.spec.ts:93:3 › 隐藏滚动条后设置仍可滚轮、键盘滚动并访问全部分类 779 (2.0s)
  ok  58 tests\browser\settings-scroll.spec.ts:93:3 › 隐藏滚动条后设置仍可滚轮、键盘滚动并访问全部分类 779 (1.9s)
  ok  59 tests\browser\settings-scroll.spec.ts:93:3 › 隐藏滚动条后设置仍可滚轮、键盘滚动并访问全部分类 779 (1.9s)
  ok  60 tests\browser\settings-scroll.spec.ts:93:3 › 隐藏滚动条后设置仍可滚轮、键盘滚动并访问全部分类 779 (1.9s)
  ok  61 tests\browser\settings-scroll.spec.ts:93:3 › 隐藏滚动条后设置仍可滚轮、键盘滚动并访问全部分类 390 (1.8s)
  ok  65 tests\browser\settings-scroll.spec.ts:93:3 › 隐藏滚动条后设置仍可滚轮、键盘滚动并访问全部分类 390 (1.7s)
  ok  64 tests\browser\settings-scroll.spec.ts:93:3 › 隐藏滚动条后设置仍可滚轮、键盘滚动并访问全部分类 390 (1.8s)
  ok  63 tests\browser\settings-scroll.spec.ts:93:3 › 隐藏滚动条后设置仍可滚轮、键盘滚动并访问全部分类 390 (1.8s)
  ok  62 tests\browser\settings-scroll.spec.ts:93:3 › 隐藏滚动条后设置仍可滚轮、键盘滚动并访问全部分类 390 (1.8s)
  ok  67 tests\browser\settings-scroll.spec.ts:93:3 › 隐藏滚动条后设置仍可滚轮、键盘滚动并访问全部分类 390 (1.7s)
  ok  66 tests\browser\settings-scroll.spec.ts:93:3 › 隐藏滚动条后设置仍可滚轮、键盘滚动并访问全部分类 390 (1.8s)
  ok  68 tests\browser\settings-scroll.spec.ts:93:3 › 隐藏滚动条后设置仍可滚轮、键盘滚动并访问全部分类 390 (1.7s)
  ok  71 tests\browser\settings-scroll.spec.ts:93:3 › 隐藏滚动条后设置仍可滚轮、键盘滚动并访问全部分类 390 (1.8s)
  ok  69 tests\browser\settings-scroll.spec.ts:93:3 › 隐藏滚动条后设置仍可滚轮、键盘滚动并访问全部分类 390 (1.9s)
  ok  72 tests\browser\settings-scroll.spec.ts:93:3 › 隐藏滚动条后设置仍可滚轮、键盘滚动并访问全部分类 390 (1.9s)
  ok  70 tests\browser\settings-scroll.spec.ts:93:3 › 隐藏滚动条后设置仍可滚轮、键盘滚动并访问全部分类 390 (1.9s)
  ok  77 tests\browser\settings-scroll.spec.ts:133:1 › 手机设置分类固定在底部横向滑块 (1.1s)
  ok  75 tests\browser\settings-scroll.spec.ts:133:1 › 手机设置分类固定在底部横向滑块 (1.1s)
  ok  74 tests\browser\settings-scroll.spec.ts:133:1 › 手机设置分类固定在底部横向滑块 (1.1s)
  ok  76 tests\browser\settings-scroll.spec.ts:133:1 › 手机设置分类固定在底部横向滑块 (1.1s)
  ok  73 tests\browser\settings-scroll.spec.ts:133:1 › 手机设置分类固定在底部横向滑块 (1.2s)
  ok  78 tests\browser\settings-scroll.spec.ts:133:1 › 手机设置分类固定在底部横向滑块 (1.3s)
  ok  79 tests\browser\settings-scroll.spec.ts:133:1 › 手机设置分类固定在底部横向滑块 (1.3s)
  ok  80 tests\browser\settings-scroll.spec.ts:133:1 › 手机设置分类固定在底部横向滑块 (1.3s)
  ok  81 tests\browser\settings-scroll.spec.ts:133:1 › 手机设置分类固定在底部横向滑块 (1.5s)
  ok  82 tests\browser\settings-scroll.spec.ts:133:1 › 手机设置分类固定在底部横向滑块 (1.5s)
  ok  83 tests\browser\settings-scroll.spec.ts:133:1 › 手机设置分类固定在底部横向滑块 (1.5s)
  ok  84 tests\browser\settings-scroll.spec.ts:133:1 › 手机设置分类固定在底部横向滑块 (1.5s)
  ok  85 tests\browser\settings-scroll.spec.ts:159:1 › 资产列表隐藏滚动条后仍可滚动，浮岛设置作用于整个工作区 (3.0s)
  ok  86 tests\browser\settings-scroll.spec.ts:159:1 › 资产列表隐藏滚动条后仍可滚动，浮岛设置作用于整个工作区 (3.1s)
  ok  87 tests\browser\settings-scroll.spec.ts:159:1 › 资产列表隐藏滚动条后仍可滚动，浮岛设置作用于整个工作区 (3.1s)
  ok  88 tests\browser\settings-scroll.spec.ts:159:1 › 资产列表隐藏滚动条后仍可滚动，浮岛设置作用于整个工作区 (3.1s)
  ok  89 tests\browser\settings-scroll.spec.ts:159:1 › 资产列表隐藏滚动条后仍可滚动，浮岛设置作用于整个工作区 (3.1s)
(node:55368) Warning: The 'NO_COLOR' env is ignored due to the 'FORCE_COLOR' env being set.
(Use `node --trace-warnings ...` to show where the warning was created)
(node:58692) Warning: The 'NO_COLOR' env is ignored due to the 'FORCE_COLOR' env being set.
(Use `node --trace-warnings ...` to show where the warning was created)
  ok  92 tests\browser\settings-scroll.spec.ts:159:1 › 资产列表隐藏滚动条后仍可滚动，浮岛设置作用于整个工作区 (2.9s)
  ok  91 tests\browser\settings-scroll.spec.ts:159:1 › 资产列表隐藏滚动条后仍可滚动，浮岛设置作用于整个工作区 (3.0s)
  ok  90 tests\browser\settings-scroll.spec.ts:159:1 › 资产列表隐藏滚动条后仍可滚动，浮岛设置作用于整个工作区 (3.0s)
(node:46084) Warning: The 'NO_COLOR' env is ignored due to the 'FORCE_COLOR' env being set.
(Use `node --trace-warnings ...` to show where the warning was created)
(node:65224) Warning: The 'NO_COLOR' env is ignored due to the 'FORCE_COLOR' env being set.
(Use `node --trace-warnings ...` to show where the warning was created)
(node:12640) Warning: The 'NO_COLOR' env is ignored due to the 'FORCE_COLOR' env being set.
(Use `node --trace-warnings ...` to show where the warning was created)
  ok  95 tests\browser\settings-scroll.spec.ts:159:1 › 资产列表隐藏滚动条后仍可滚动，浮岛设置作用于整个工作区 (2.8s)
  ok  94 tests\browser\settings-scroll.spec.ts:159:1 › 资产列表隐藏滚动条后仍可滚动，浮岛设置作用于整个工作区 (2.9s)
  ok  96 tests\browser\settings-scroll.spec.ts:159:1 › 资产列表隐藏滚动条后仍可滚动，浮岛设置作用于整个工作区 (2.8s)
  ok  93 tests\browser\settings-scroll.spec.ts:159:1 › 资产列表隐藏滚动条后仍可滚动，浮岛设置作用于整个工作区 (3.0s)
(node:64824) Warning: The 'NO_COLOR' env is ignored due to the 'FORCE_COLOR' env being set.
(Use `node --trace-warnings ...` to show where the warning was created)
  ok  97 tests\browser\settings-scroll.spec.ts:4:1 › 窄屏设置分类的同组入口保持在底部导航内 (800ms)
(node:8776) Warning: The 'NO_COLOR' env is ignored due to the 'FORCE_COLOR' env being set.
(Use `node --trace-warnings ...` to show where the warning was created)
  ok  98 tests\browser\settings-scroll.spec.ts:4:1 › 窄屏设置分类的同组入口保持在底部导航内 (760ms)
(node:45272) Warning: The 'NO_COLOR' env is ignored due to the 'FORCE_COLOR' env being set.
(Use `node --trace-warnings ...` to show where the warning was created)
  ok 100 tests\browser\settings-scroll.spec.ts:4:1 › 窄屏设置分类的同组入口保持在底部导航内 (787ms)
  ok  99 tests\browser\settings-scroll.spec.ts:4:1 › 窄屏设置分类的同组入口保持在底部导航内 (816ms)
  ok 101 tests\browser\settings-scroll.spec.ts:4:1 › 窄屏设置分类的同组入口保持在底部导航内 (855ms)
  ok 102 tests\browser\settings-scroll.spec.ts:31:1 › 插件、技能、伙伴标签可用方向键切换并显示对应内容 (1.1s)
  ok 105 tests\browser\settings-scroll.spec.ts:31:1 › 插件、技能、伙伴标签可用方向键切换并显示对应内容 (921ms)
  ok 103 tests\browser\settings-scroll.spec.ts:4:1 › 窄屏设置分类的同组入口保持在底部导航内 (788ms)
  ok 104 tests\browser\settings-scroll.spec.ts:4:1 › 窄屏设置分类的同组入口保持在底部导航内 (774ms)
  ok 107 tests\browser\settings-scroll.spec.ts:31:1 › 插件、技能、伙伴标签可用方向键切换并显示对应内容 (1.0s)
  ok 106 tests\browser\settings-scroll.spec.ts:31:1 › 插件、技能、伙伴标签可用方向键切换并显示对应内容 (1.0s)
  ok 109 tests\browser\settings-scroll.spec.ts:31:1 › 插件、技能、伙伴标签可用方向键切换并显示对应内容 (920ms)
  ok 108 tests\browser\settings-scroll.spec.ts:4:1 › 窄屏设置分类的同组入口保持在底部导航内 (761ms)
  ok 111 tests\browser\settings-scroll.spec.ts:48:1 › 手机扩展标签保持单行和触屏命中区 (846ms)
  ok 110 tests\browser\settings-scroll.spec.ts:48:1 › 手机扩展标签保持单行和触屏命中区 (903ms)
  ok 113 tests\browser\settings-scroll.spec.ts:31:1 › 插件、技能、伙伴标签可用方向键切换并显示对应内容 (826ms)
  ok 115 tests\browser\settings-scroll.spec.ts:48:1 › 手机扩展标签保持单行和触屏命中区 (816ms)
  ok 114 tests\browser\settings-scroll.spec.ts:48:1 › 手机扩展标签保持单行和触屏命中区 (823ms)
  ok 116 tests\browser\settings-scroll.spec.ts:48:1 › 手机扩展标签保持单行和触屏命中区 (801ms)
  ok 112 tests\browser\settings-scroll.spec.ts:31:1 › 插件、技能、伙伴标签可用方向键切换并显示对应内容 (848ms)
  ok 117 tests\browser\settings-scroll.spec.ts:31:1 › 插件、技能、伙伴标签可用方向键切换并显示对应内容 (841ms)
  ok 120 tests\browser\settings-scroll.spec.ts:48:1 › 手机扩展标签保持单行和触屏命中区 (753ms)
  ok 124 tests\browser\settings-scroll.spec.ts:48:1 › 手机扩展标签保持单行和触屏命中区 (726ms)
  ok 118 tests\browser\settings-scroll.spec.ts:64:1 › 首页伙伴和插件管理入口到达对应设置标签 (1.1s)
  ok 119 tests\browser\settings-scroll.spec.ts:64:1 › 首页伙伴和插件管理入口到达对应设置标签 (1.1s)
  ok 125 tests\browser\settings-scroll.spec.ts:48:1 › 手机扩展标签保持单行和触屏命中区 (753ms)
  ok 122 tests\browser\settings-scroll.spec.ts:64:1 › 首页伙伴和插件管理入口到达对应设置标签 (1.1s)
  ok 123 tests\browser\settings-scroll.spec.ts:64:1 › 首页伙伴和插件管理入口到达对应设置标签 (1.1s)
  ok 121 tests\browser\settings-scroll.spec.ts:64:1 › 首页伙伴和插件管理入口到达对应设置标签 (1.1s)
  ok 126 tests\browser\settings-scroll.spec.ts:64:1 › 首页伙伴和插件管理入口到达对应设置标签 (1.0s)
  ok 127 tests\browser\settings-scroll.spec.ts:64:1 › 首页伙伴和插件管理入口到达对应设置标签 (1.0s)
  ok 130 tests\browser\settings-scroll.spec.ts:64:1 › 首页伙伴和插件管理入口到达对应设置标签 (1.0s)
  ok 128 tests\browser\settings-scroll.spec.ts:93:3 › 隐藏滚动条后设置仍可滚轮、键盘滚动并访问全部分类 779 (1.4s)
  ok 129 tests\browser\settings-scroll.spec.ts:93:3 › 隐藏滚动条后设置仍可滚轮、键盘滚动并访问全部分类 779 (1.3s)
  ok 131 tests\browser\settings-scroll.spec.ts:93:3 › 隐藏滚动条后设置仍可滚轮、键盘滚动并访问全部分类 779 (1.4s)
  ok 133 tests\browser\settings-scroll.spec.ts:93:3 › 隐藏滚动条后设置仍可滚轮、键盘滚动并访问全部分类 779 (1.4s)
  ok 132 tests\browser\settings-scroll.spec.ts:93:3 › 隐藏滚动条后设置仍可滚轮、键盘滚动并访问全部分类 779 (1.4s)
  ok 134 tests\browser\settings-scroll.spec.ts:93:3 › 隐藏滚动条后设置仍可滚轮、键盘滚动并访问全部分类 779 (1.2s)
  ok 135 tests\browser\settings-scroll.spec.ts:93:3 › 隐藏滚动条后设置仍可滚轮、键盘滚动并访问全部分类 779 (1.2s)
  ok 136 tests\browser\settings-scroll.spec.ts:93:3 › 隐藏滚动条后设置仍可滚轮、键盘滚动并访问全部分类 779 (1.3s)
  ok 137 tests\browser\settings-scroll.spec.ts:93:3 › 隐藏滚动条后设置仍可滚轮、键盘滚动并访问全部分类 390 (1.4s)
  ok 138 tests\browser\settings-scroll.spec.ts:93:3 › 隐藏滚动条后设置仍可滚轮、键盘滚动并访问全部分类 390 (1.4s)
  ok 141 tests\browser\settings-scroll.spec.ts:93:3 › 隐藏滚动条后设置仍可滚轮、键盘滚动并访问全部分类 390 (1.4s)
  ok 140 tests\browser\settings-scroll.spec.ts:93:3 › 隐藏滚动条后设置仍可滚轮、键盘滚动并访问全部分类 390 (1.4s)
  ok 139 tests\browser\settings-scroll.spec.ts:93:3 › 隐藏滚动条后设置仍可滚轮、键盘滚动并访问全部分类 390 (1.4s)
  ok 143 tests\browser\settings-scroll.spec.ts:93:3 › 隐藏滚动条后设置仍可滚轮、键盘滚动并访问全部分类 390 (1.3s)
  ok 142 tests\browser\settings-scroll.spec.ts:93:3 › 隐藏滚动条后设置仍可滚轮、键盘滚动并访问全部分类 390 (1.3s)
  ok 145 tests\browser\settings-scroll.spec.ts:133:1 › 手机设置分类固定在底部横向滑块 (692ms)
  ok 146 tests\browser\settings-scroll.spec.ts:133:1 › 手机设置分类固定在底部横向滑块 (692ms)
  ok 149 tests\browser\settings-scroll.spec.ts:133:1 › 手机设置分类固定在底部横向滑块 (701ms)
  ok 147 tests\browser\settings-scroll.spec.ts:133:1 › 手机设置分类固定在底部横向滑块 (701ms)
  ok 148 tests\browser\settings-scroll.spec.ts:133:1 › 手机设置分类固定在底部横向滑块 (713ms)
  ok 144 tests\browser\settings-scroll.spec.ts:93:3 › 隐藏滚动条后设置仍可滚轮、键盘滚动并访问全部分类 390 (1.3s)
  ok 150 tests\browser\settings-scroll.spec.ts:133:1 › 手机设置分类固定在底部横向滑块 (785ms)
  ok 151 tests\browser\settings-scroll.spec.ts:133:1 › 手机设置分类固定在底部横向滑块 (783ms)
  ok 157 tests\browser\settings-scroll.spec.ts:133:1 › 手机设置分类固定在底部横向滑块 (785ms)
  ok 153 tests\browser\settings-scroll.spec.ts:159:1 › 资产列表隐藏滚动条后仍可滚动，浮岛设置作用于整个工作区 (2.2s)
  ok 152 tests\browser\settings-scroll.spec.ts:159:1 › 资产列表隐藏滚动条后仍可滚动，浮岛设置作用于整个工作区 (2.3s)
  ok 154 tests\browser\settings-scroll.spec.ts:159:1 › 资产列表隐藏滚动条后仍可滚动，浮岛设置作用于整个工作区 (2.2s)
  ok 156 tests\browser\settings-scroll.spec.ts:159:1 › 资产列表隐藏滚动条后仍可滚动，浮岛设置作用于整个工作区 (2.2s)
  ok 155 tests\browser\settings-scroll.spec.ts:159:1 › 资产列表隐藏滚动条后仍可滚动，浮岛设置作用于整个工作区 (2.2s)
  ok 159 tests\browser\settings-scroll.spec.ts:159:1 › 资产列表隐藏滚动条后仍可滚动，浮岛设置作用于整个工作区 (2.1s)
  ok 158 tests\browser\settings-scroll.spec.ts:159:1 › 资产列表隐藏滚动条后仍可滚动，浮岛设置作用于整个工作区 (2.1s)
  ok 160 tests\browser\settings-scroll.spec.ts:159:1 › 资产列表隐藏滚动条后仍可滚动，浮岛设置作用于整个工作区 (2.0s)

  160 passed (27.7s)
