[WebServer] (node:29632) Warning: The 'NO_COLOR' env is ignored due to the 'FORCE_COLOR' env being set.
[WebServer] (Use `node --trace-warnings ...` to show where the warning was created)

Running 160 tests using 12 workers

(node:34612) Warning: The 'NO_COLOR' env is ignored due to the 'FORCE_COLOR' env being set.
(Use `node --trace-warnings ...` to show where the warning was created)
(node:31140) Warning: The 'NO_COLOR' env is ignored due to the 'FORCE_COLOR' env being set.
(Use `node --trace-warnings ...` to show where the warning was created)
(node:37104) Warning: The 'NO_COLOR' env is ignored due to the 'FORCE_COLOR' env being set.
(Use `node --trace-warnings ...` to show where the warning was created)
(node:39216) Warning: The 'NO_COLOR' env is ignored due to the 'FORCE_COLOR' env being set.
(Use `node --trace-warnings ...` to show where the warning was created)
(node:53980) Warning: The 'NO_COLOR' env is ignored due to the 'FORCE_COLOR' env being set.
(Use `node --trace-warnings ...` to show where the warning was created)
(node:54020) Warning: The 'NO_COLOR' env is ignored due to the 'FORCE_COLOR' env being set.
(Use `node --trace-warnings ...` to show where the warning was created)
(node:48044) Warning: The 'NO_COLOR' env is ignored due to the 'FORCE_COLOR' env being set.
(Use `node --trace-warnings ...` to show where the warning was created)
(node:67324) Warning: The 'NO_COLOR' env is ignored due to the 'FORCE_COLOR' env being set.
(Use `node --trace-warnings ...` to show where the warning was created)
(node:18608) Warning: The 'NO_COLOR' env is ignored due to the 'FORCE_COLOR' env being set.
(Use `node --trace-warnings ...` to show where the warning was created)
(node:26372) Warning: The 'NO_COLOR' env is ignored due to the 'FORCE_COLOR' env being set.
(Use `node --trace-warnings ...` to show where the warning was created)
(node:67956) Warning: The 'NO_COLOR' env is ignored due to the 'FORCE_COLOR' env being set.
(Use `node --trace-warnings ...` to show where the warning was created)
(node:11476) Warning: The 'NO_COLOR' env is ignored due to the 'FORCE_COLOR' env being set.
(Use `node --trace-warnings ...` to show where the warning was created)
  ok   7 tests\browser\settings-scroll.spec.ts:4:1 › 窄屏设置分类的同组入口保持在底部导航内 (869ms)
  ok   4 tests\browser\settings-scroll.spec.ts:4:1 › 窄屏设置分类的同组入口保持在底部导航内 (918ms)
  ok   2 tests\browser\settings-scroll.spec.ts:4:1 › 窄屏设置分类的同组入口保持在底部导航内 (1.1s)
  ok   5 tests\browser\settings-scroll.spec.ts:4:1 › 窄屏设置分类的同组入口保持在底部导航内 (1.0s)
  ok   3 tests\browser\settings-scroll.spec.ts:4:1 › 窄屏设置分类的同组入口保持在底部导航内 (1.5s)
  ok   6 tests\browser\settings-scroll.spec.ts:4:1 › 窄屏设置分类的同组入口保持在底部导航内 (1.4s)
  ok   1 tests\browser\settings-scroll.spec.ts:4:1 › 窄屏设置分类的同组入口保持在底部导航内 (1.6s)
  ok   9 tests\browser\settings-scroll.spec.ts:4:1 › 窄屏设置分类的同组入口保持在底部导航内 (1.2s)
  ok   8 tests\browser\settings-scroll.spec.ts:4:1 › 窄屏设置分类的同组入口保持在底部导航内 (1.2s)
  ok  12 tests\browser\settings-scroll.spec.ts:4:1 › 窄屏设置分类的同组入口保持在底部导航内 (1.2s)
  ok  10 tests\browser\settings-scroll.spec.ts:4:1 › 窄屏设置分类的同组入口保持在底部导航内 (1.2s)
  ok  11 tests\browser\settings-scroll.spec.ts:4:1 › 窄屏设置分类的同组入口保持在底部导航内 (1.4s)
  ok  13 tests\browser\settings-scroll.spec.ts:38:1 › 插件、技能、伙伴标签可用方向键切换并显示对应内容 (1.2s)
  ok  15 tests\browser\settings-scroll.spec.ts:38:1 › 插件、技能、伙伴标签可用方向键切换并显示对应内容 (1.4s)
  ok  14 tests\browser\settings-scroll.spec.ts:38:1 › 插件、技能、伙伴标签可用方向键切换并显示对应内容 (1.5s)
  ok  21 tests\browser\settings-scroll.spec.ts:38:1 › 插件、技能、伙伴标签可用方向键切换并显示对应内容 (1.1s)
  ok  18 tests\browser\settings-scroll.spec.ts:38:1 › 插件、技能、伙伴标签可用方向键切换并显示对应内容 (1.2s)
  ok  20 tests\browser\settings-scroll.spec.ts:38:1 › 插件、技能、伙伴标签可用方向键切换并显示对应内容 (1.1s)
  ok  17 tests\browser\settings-scroll.spec.ts:38:1 › 插件、技能、伙伴标签可用方向键切换并显示对应内容 (1.3s)
  ok  23 tests\browser\settings-scroll.spec.ts:38:1 › 插件、技能、伙伴标签可用方向键切换并显示对应内容 (1.1s)
  ok  16 tests\browser\settings-scroll.spec.ts:38:1 › 插件、技能、伙伴标签可用方向键切换并显示对应内容 (1.7s)
  ok  22 tests\browser\settings-scroll.spec.ts:38:1 › 插件、技能、伙伴标签可用方向键切换并显示对应内容 (1.1s)
  ok  19 tests\browser\settings-scroll.spec.ts:38:1 › 插件、技能、伙伴标签可用方向键切换并显示对应内容 (1.3s)
  ok  24 tests\browser\settings-scroll.spec.ts:38:1 › 插件、技能、伙伴标签可用方向键切换并显示对应内容 (1.2s)
  ok  25 tests\browser\settings-scroll.spec.ts:55:1 › 手机扩展标签保持单行和触屏命中区 (1.2s)
  ok  27 tests\browser\settings-scroll.spec.ts:55:1 › 手机扩展标签保持单行和触屏命中区 (1.1s)
  ok  26 tests\browser\settings-scroll.spec.ts:55:1 › 手机扩展标签保持单行和触屏命中区 (1.1s)
  ok  30 tests\browser\settings-scroll.spec.ts:55:1 › 手机扩展标签保持单行和触屏命中区 (1.1s)
  ok  29 tests\browser\settings-scroll.spec.ts:55:1 › 手机扩展标签保持单行和触屏命中区 (1.1s)
  ok  32 tests\browser\settings-scroll.spec.ts:55:1 › 手机扩展标签保持单行和触屏命中区 (1.1s)
  ok  31 tests\browser\settings-scroll.spec.ts:55:1 › 手机扩展标签保持单行和触屏命中区 (1.1s)
  ok  28 tests\browser\settings-scroll.spec.ts:55:1 › 手机扩展标签保持单行和触屏命中区 (1.1s)
  ok  33 tests\browser\settings-scroll.spec.ts:55:1 › 手机扩展标签保持单行和触屏命中区 (1.1s)
  ok  35 tests\browser\settings-scroll.spec.ts:55:1 › 手机扩展标签保持单行和触屏命中区 (1.1s)
  ok  34 tests\browser\settings-scroll.spec.ts:55:1 › 手机扩展标签保持单行和触屏命中区 (1.1s)
  ok  36 tests\browser\settings-scroll.spec.ts:55:1 › 手机扩展标签保持单行和触屏命中区 (1.4s)
  ok  37 tests\browser\settings-scroll.spec.ts:71:1 › 首页伙伴和插件管理入口到达对应设置标签 (1.5s)
  ok  39 tests\browser\settings-scroll.spec.ts:71:1 › 首页伙伴和插件管理入口到达对应设置标签 (1.4s)
  ok  38 tests\browser\settings-scroll.spec.ts:71:1 › 首页伙伴和插件管理入口到达对应设置标签 (1.4s)
  ok  40 tests\browser\settings-scroll.spec.ts:71:1 › 首页伙伴和插件管理入口到达对应设置标签 (1.4s)
  ok  43 tests\browser\settings-scroll.spec.ts:71:1 › 首页伙伴和插件管理入口到达对应设置标签 (1.4s)
  ok  44 tests\browser\settings-scroll.spec.ts:71:1 › 首页伙伴和插件管理入口到达对应设置标签 (1.4s)
  ok  42 tests\browser\settings-scroll.spec.ts:71:1 › 首页伙伴和插件管理入口到达对应设置标签 (1.4s)
  ok  41 tests\browser\settings-scroll.spec.ts:71:1 › 首页伙伴和插件管理入口到达对应设置标签 (1.4s)
  ok  45 tests\browser\settings-scroll.spec.ts:71:1 › 首页伙伴和插件管理入口到达对应设置标签 (1.4s)
  ok  46 tests\browser\settings-scroll.spec.ts:71:1 › 首页伙伴和插件管理入口到达对应设置标签 (1.4s)
  ok  47 tests\browser\settings-scroll.spec.ts:71:1 › 首页伙伴和插件管理入口到达对应设置标签 (1.4s)
  ok  48 tests\browser\settings-scroll.spec.ts:71:1 › 首页伙伴和插件管理入口到达对应设置标签 (1.4s)
  ok  49 tests\browser\settings-scroll.spec.ts:100:3 › 隐藏滚动条后设置仍可滚轮、键盘滚动并访问全部分类 779 (1.4s)
  ok  51 tests\browser\settings-scroll.spec.ts:100:3 › 隐藏滚动条后设置仍可滚轮、键盘滚动并访问全部分类 779 (1.3s)
  ok  50 tests\browser\settings-scroll.spec.ts:100:3 › 隐藏滚动条后设置仍可滚轮、键盘滚动并访问全部分类 779 (1.4s)
  ok  52 tests\browser\settings-scroll.spec.ts:100:3 › 隐藏滚动条后设置仍可滚轮、键盘滚动并访问全部分类 779 (1.6s)
  ok  53 tests\browser\settings-scroll.spec.ts:100:3 › 隐藏滚动条后设置仍可滚轮、键盘滚动并访问全部分类 779 (1.6s)
  ok  54 tests\browser\settings-scroll.spec.ts:100:3 › 隐藏滚动条后设置仍可滚轮、键盘滚动并访问全部分类 779 (1.6s)
  ok  56 tests\browser\settings-scroll.spec.ts:100:3 › 隐藏滚动条后设置仍可滚轮、键盘滚动并访问全部分类 779 (1.6s)
  ok  55 tests\browser\settings-scroll.spec.ts:100:3 › 隐藏滚动条后设置仍可滚轮、键盘滚动并访问全部分类 779 (1.6s)
  ok  57 tests\browser\settings-scroll.spec.ts:100:3 › 隐藏滚动条后设置仍可滚轮、键盘滚动并访问全部分类 779 (1.7s)
  ok  58 tests\browser\settings-scroll.spec.ts:100:3 › 隐藏滚动条后设置仍可滚轮、键盘滚动并访问全部分类 779 (1.8s)
  ok  59 tests\browser\settings-scroll.spec.ts:100:3 › 隐藏滚动条后设置仍可滚轮、键盘滚动并访问全部分类 779 (1.8s)
  ok  60 tests\browser\settings-scroll.spec.ts:100:3 › 隐藏滚动条后设置仍可滚轮、键盘滚动并访问全部分类 779 (1.4s)
  ok  62 tests\browser\settings-scroll.spec.ts:100:3 › 隐藏滚动条后设置仍可滚轮、键盘滚动并访问全部分类 390 (1.1s)
  ok  61 tests\browser\settings-scroll.spec.ts:100:3 › 隐藏滚动条后设置仍可滚轮、键盘滚动并访问全部分类 390 (1.4s)
  ok  63 tests\browser\settings-scroll.spec.ts:100:3 › 隐藏滚动条后设置仍可滚轮、键盘滚动并访问全部分类 390 (1.4s)
  ok  73 tests\browser\settings-scroll.spec.ts:140:1 › 手机设置分类固定在底部横向滑块 (824ms)
  ok  67 tests\browser\settings-scroll.spec.ts:100:3 › 隐藏滚动条后设置仍可滚轮、键盘滚动并访问全部分类 390 (1.4s)
  ok  65 tests\browser\settings-scroll.spec.ts:100:3 › 隐藏滚动条后设置仍可滚轮、键盘滚动并访问全部分类 390 (1.5s)
  ok  64 tests\browser\settings-scroll.spec.ts:100:3 › 隐藏滚动条后设置仍可滚轮、键盘滚动并访问全部分类 390 (1.5s)
  ok  66 tests\browser\settings-scroll.spec.ts:100:3 › 隐藏滚动条后设置仍可滚轮、键盘滚动并访问全部分类 390 (1.5s)
  ok  74 tests\browser\settings-scroll.spec.ts:140:1 › 手机设置分类固定在底部横向滑块 (675ms)
  ok  75 tests\browser\settings-scroll.spec.ts:140:1 › 手机设置分类固定在底部横向滑块 (683ms)
  ok  68 tests\browser\settings-scroll.spec.ts:100:3 › 隐藏滚动条后设置仍可滚轮、键盘滚动并访问全部分类 390 (1.6s)
  ok  71 tests\browser\settings-scroll.spec.ts:100:3 › 隐藏滚动条后设置仍可滚轮、键盘滚动并访问全部分类 390 (1.7s)
  ok  72 tests\browser\settings-scroll.spec.ts:100:3 › 隐藏滚动条后设置仍可滚轮、键盘滚动并访问全部分类 390 (1.5s)
  ok  69 tests\browser\settings-scroll.spec.ts:100:3 › 隐藏滚动条后设置仍可滚轮、键盘滚动并访问全部分类 390 (1.8s)
  ok  70 tests\browser\settings-scroll.spec.ts:100:3 › 隐藏滚动条后设置仍可滚轮、键盘滚动并访问全部分类 390 (1.7s)
  ok  77 tests\browser\settings-scroll.spec.ts:140:1 › 手机设置分类固定在底部横向滑块 (880ms)
  ok  79 tests\browser\settings-scroll.spec.ts:140:1 › 手机设置分类固定在底部横向滑块 (891ms)
  ok  78 tests\browser\settings-scroll.spec.ts:140:1 › 手机设置分类固定在底部横向滑块 (904ms)
  ok  80 tests\browser\settings-scroll.spec.ts:140:1 › 手机设置分类固定在底部横向滑块 (1.1s)
  ok  83 tests\browser\settings-scroll.spec.ts:140:1 › 手机设置分类固定在底部横向滑块 (1.1s)
  ok  86 tests\browser\settings-scroll.spec.ts:140:1 › 手机设置分类固定在底部横向滑块 (1.0s)
  ok  87 tests\browser\settings-scroll.spec.ts:140:1 › 手机设置分类固定在底部横向滑块 (998ms)
  ok  85 tests\browser\settings-scroll.spec.ts:140:1 › 手机设置分类固定在底部横向滑块 (995ms)
  ok  84 tests\browser\settings-scroll.spec.ts:140:1 › 手机设置分类固定在底部横向滑块 (1.1s)
  ok  76 tests\browser\settings-scroll.spec.ts:168:1 › 资产列表隐藏滚动条后仍可滚动，浮岛设置作用于整个工作区 (2.6s)
  ok  81 tests\browser\settings-scroll.spec.ts:168:1 › 资产列表隐藏滚动条后仍可滚动，浮岛设置作用于整个工作区 (2.6s)
  ok  82 tests\browser\settings-scroll.spec.ts:168:1 › 资产列表隐藏滚动条后仍可滚动，浮岛设置作用于整个工作区 (2.8s)
(node:75076) Warning: The 'NO_COLOR' env is ignored due to the 'FORCE_COLOR' env being set.
(Use `node --trace-warnings ...` to show where the warning was created)
(node:11940) Warning: The 'NO_COLOR' env is ignored due to the 'FORCE_COLOR' env being set.
(Use `node --trace-warnings ...` to show where the warning was created)
  ok  90 tests\browser\settings-scroll.spec.ts:168:1 › 资产列表隐藏滚动条后仍可滚动，浮岛设置作用于整个工作区 (2.3s)
  ok  89 tests\browser\settings-scroll.spec.ts:168:1 › 资产列表隐藏滚动条后仍可滚动，浮岛设置作用于整个工作区 (2.3s)
  ok  88 tests\browser\settings-scroll.spec.ts:168:1 › 资产列表隐藏滚动条后仍可滚动，浮岛设置作用于整个工作区 (2.4s)
  ok  91 tests\browser\settings-scroll.spec.ts:168:1 › 资产列表隐藏滚动条后仍可滚动，浮岛设置作用于整个工作区 (2.4s)
(node:9524) Warning: The 'NO_COLOR' env is ignored due to the 'FORCE_COLOR' env being set.
(Use `node --trace-warnings ...` to show where the warning was created)
  ok  92 tests\browser\settings-scroll.spec.ts:168:1 › 资产列表隐藏滚动条后仍可滚动，浮岛设置作用于整个工作区 (2.4s)
  ok  96 tests\browser\settings-scroll.spec.ts:168:1 › 资产列表隐藏滚动条后仍可滚动，浮岛设置作用于整个工作区 (2.3s)
(node:12992) Warning: The 'NO_COLOR' env is ignored due to the 'FORCE_COLOR' env being set.
(Use `node --trace-warnings ...` to show where the warning was created)
  ok  94 tests\browser\settings-scroll.spec.ts:168:1 › 资产列表隐藏滚动条后仍可滚动，浮岛设置作用于整个工作区 (2.4s)
  ok  93 tests\browser\settings-scroll.spec.ts:168:1 › 资产列表隐藏滚动条后仍可滚动，浮岛设置作用于整个工作区 (2.4s)
  ok  95 tests\browser\settings-scroll.spec.ts:168:1 › 资产列表隐藏滚动条后仍可滚动，浮岛设置作用于整个工作区 (2.4s)
(node:74796) Warning: The 'NO_COLOR' env is ignored due to the 'FORCE_COLOR' env being set.
(Use `node --trace-warnings ...` to show where the warning was created)
  ok  97 tests\browser\settings-scroll.spec.ts:4:1 › 窄屏设置分类的同组入口保持在底部导航内 (637ms)
(node:65284) Warning: The 'NO_COLOR' env is ignored due to the 'FORCE_COLOR' env being set.
(Use `node --trace-warnings ...` to show where the warning was created)
  ok  98 tests\browser\settings-scroll.spec.ts:4:1 › 窄屏设置分类的同组入口保持在底部导航内 (647ms)
(node:30936) Warning: The 'NO_COLOR' env is ignored due to the 'FORCE_COLOR' env being set.
(Use `node --trace-warnings ...` to show where the warning was created)
(node:69188) Warning: The 'NO_COLOR' env is ignored due to the 'FORCE_COLOR' env being set.
(Use `node --trace-warnings ...` to show where the warning was created)
  ok  99 tests\browser\settings-scroll.spec.ts:4:1 › 窄屏设置分类的同组入口保持在底部导航内 (997ms)
  ok 100 tests\browser\settings-scroll.spec.ts:38:1 › 插件、技能、伙伴标签可用方向键切换并显示对应内容 (1.0s)
  ok 102 tests\browser\settings-scroll.spec.ts:4:1 › 窄屏设置分类的同组入口保持在底部导航内 (668ms)
  ok 101 tests\browser\settings-scroll.spec.ts:4:1 › 窄屏设置分类的同组入口保持在底部导航内 (785ms)
  ok 103 tests\browser\settings-scroll.spec.ts:38:1 › 插件、技能、伙伴标签可用方向键切换并显示对应内容 (1.2s)
  ok 104 tests\browser\settings-scroll.spec.ts:4:1 › 窄屏设置分类的同组入口保持在底部导航内 (790ms)
  ok 105 tests\browser\settings-scroll.spec.ts:4:1 › 窄屏设置分类的同组入口保持在底部导航内 (878ms)
  ok 106 tests\browser\settings-scroll.spec.ts:4:1 › 窄屏设置分类的同组入口保持在底部导航内 (725ms)
  ok 108 tests\browser\settings-scroll.spec.ts:55:1 › 手机扩展标签保持单行和触屏命中区 (942ms)
  ok 107 tests\browser\settings-scroll.spec.ts:38:1 › 插件、技能、伙伴标签可用方向键切换并显示对应内容 (1.0s)
  ok 109 tests\browser\settings-scroll.spec.ts:38:1 › 插件、技能、伙伴标签可用方向键切换并显示对应内容 (981ms)
  ok 110 tests\browser\settings-scroll.spec.ts:38:1 › 插件、技能、伙伴标签可用方向键切换并显示对应内容 (972ms)
  ok 112 tests\browser\settings-scroll.spec.ts:38:1 › 插件、技能、伙伴标签可用方向键切换并显示对应内容 (957ms)
  ok 111 tests\browser\settings-scroll.spec.ts:55:1 › 手机扩展标签保持单行和触屏命中区 (1.0s)
  ok 113 tests\browser\settings-scroll.spec.ts:38:1 › 插件、技能、伙伴标签可用方向键切换并显示对应内容 (867ms)
  ok 114 tests\browser\settings-scroll.spec.ts:38:1 › 插件、技能、伙伴标签可用方向键切换并显示对应内容 (792ms)
  ok 116 tests\browser\settings-scroll.spec.ts:55:1 › 手机扩展标签保持单行和触屏命中区 (732ms)
  ok 118 tests\browser\settings-scroll.spec.ts:55:1 › 手机扩展标签保持单行和触屏命中区 (709ms)
  ok 117 tests\browser\settings-scroll.spec.ts:55:1 › 手机扩展标签保持单行和触屏命中区 (742ms)
  ok 115 tests\browser\settings-scroll.spec.ts:71:1 › 首页伙伴和插件管理入口到达对应设置标签 (1.1s)
  ok 119 tests\browser\settings-scroll.spec.ts:55:1 › 手机扩展标签保持单行和触屏命中区 (775ms)
  ok 121 tests\browser\settings-scroll.spec.ts:55:1 › 手机扩展标签保持单行和触屏命中区 (728ms)
  ok 122 tests\browser\settings-scroll.spec.ts:55:1 › 手机扩展标签保持单行和触屏命中区 (746ms)
  ok 120 tests\browser\settings-scroll.spec.ts:71:1 › 首页伙伴和插件管理入口到达对应设置标签 (1.2s)
  ok 123 tests\browser\settings-scroll.spec.ts:71:1 › 首页伙伴和插件管理入口到达对应设置标签 (1.1s)
  ok 124 tests\browser\settings-scroll.spec.ts:71:1 › 首页伙伴和插件管理入口到达对应设置标签 (1.1s)
  ok 125 tests\browser\settings-scroll.spec.ts:71:1 › 首页伙伴和插件管理入口到达对应设置标签 (1.1s)
  ok 128 tests\browser\settings-scroll.spec.ts:71:1 › 首页伙伴和插件管理入口到达对应设置标签 (1.1s)
  ok 127 tests\browser\settings-scroll.spec.ts:71:1 › 首页伙伴和插件管理入口到达对应设置标签 (1.1s)
  ok 129 tests\browser\settings-scroll.spec.ts:71:1 › 首页伙伴和插件管理入口到达对应设置标签 (1.1s)
  ok 126 tests\browser\settings-scroll.spec.ts:100:3 › 隐藏滚动条后设置仍可滚轮、键盘滚动并访问全部分类 779 (1.4s)
  ok 130 tests\browser\settings-scroll.spec.ts:100:3 › 隐藏滚动条后设置仍可滚轮、键盘滚动并访问全部分类 779 (1.3s)
  ok 131 tests\browser\settings-scroll.spec.ts:100:3 › 隐藏滚动条后设置仍可滚轮、键盘滚动并访问全部分类 779 (1.4s)
  ok 132 tests\browser\settings-scroll.spec.ts:100:3 › 隐藏滚动条后设置仍可滚轮、键盘滚动并访问全部分类 779 (1.3s)
  ok 133 tests\browser\settings-scroll.spec.ts:100:3 › 隐藏滚动条后设置仍可滚轮、键盘滚动并访问全部分类 779 (1.4s)
  ok 135 tests\browser\settings-scroll.spec.ts:100:3 › 隐藏滚动条后设置仍可滚轮、键盘滚动并访问全部分类 779 (1.3s)
  ok 134 tests\browser\settings-scroll.spec.ts:100:3 › 隐藏滚动条后设置仍可滚轮、键盘滚动并访问全部分类 779 (1.3s)
  ok 136 tests\browser\settings-scroll.spec.ts:100:3 › 隐藏滚动条后设置仍可滚轮、键盘滚动并访问全部分类 779 (1.3s)
  ok 137 tests\browser\settings-scroll.spec.ts:100:3 › 隐藏滚动条后设置仍可滚轮、键盘滚动并访问全部分类 390 (1.3s)
  ok 138 tests\browser\settings-scroll.spec.ts:100:3 › 隐藏滚动条后设置仍可滚轮、键盘滚动并访问全部分类 390 (1.2s)
  ok 145 tests\browser\settings-scroll.spec.ts:140:1 › 手机设置分类固定在底部横向滑块 (619ms)
  ok 139 tests\browser\settings-scroll.spec.ts:100:3 › 隐藏滚动条后设置仍可滚轮、键盘滚动并访问全部分类 390 (1.3s)
  ok 140 tests\browser\settings-scroll.spec.ts:100:3 › 隐藏滚动条后设置仍可滚轮、键盘滚动并访问全部分类 390 (1.2s)
  ok 146 tests\browser\settings-scroll.spec.ts:140:1 › 手机设置分类固定在底部横向滑块 (629ms)
  ok 141 tests\browser\settings-scroll.spec.ts:100:3 › 隐藏滚动条后设置仍可滚轮、键盘滚动并访问全部分类 390 (1.4s)
  ok 143 tests\browser\settings-scroll.spec.ts:100:3 › 隐藏滚动条后设置仍可滚轮、键盘滚动并访问全部分类 390 (1.4s)
  ok 142 tests\browser\settings-scroll.spec.ts:100:3 › 隐藏滚动条后设置仍可滚轮、键盘滚动并访问全部分类 390 (1.4s)
  ok 148 tests\browser\settings-scroll.spec.ts:140:1 › 手机设置分类固定在底部横向滑块 (670ms)
  ok 144 tests\browser\settings-scroll.spec.ts:100:3 › 隐藏滚动条后设置仍可滚轮、键盘滚动并访问全部分类 390 (1.4s)
  ok 149 tests\browser\settings-scroll.spec.ts:140:1 › 手机设置分类固定在底部横向滑块 (719ms)
  ok 151 tests\browser\settings-scroll.spec.ts:140:1 › 手机设置分类固定在底部横向滑块 (700ms)
  ok 152 tests\browser\settings-scroll.spec.ts:140:1 › 手机设置分类固定在底部横向滑块 (704ms)
  ok 153 tests\browser\settings-scroll.spec.ts:140:1 › 手机设置分类固定在底部横向滑块 (721ms)
  ok 155 tests\browser\settings-scroll.spec.ts:140:1 › 手机设置分类固定在底部横向滑块 (677ms)
  ok 147 tests\browser\settings-scroll.spec.ts:168:1 › 资产列表隐藏滚动条后仍可滚动，浮岛设置作用于整个工作区 (2.2s)
  ok 150 tests\browser\settings-scroll.spec.ts:168:1 › 资产列表隐藏滚动条后仍可滚动，浮岛设置作用于整个工作区 (2.1s)
  ok 154 tests\browser\settings-scroll.spec.ts:168:1 › 资产列表隐藏滚动条后仍可滚动，浮岛设置作用于整个工作区 (2.2s)
  ok 156 tests\browser\settings-scroll.spec.ts:168:1 › 资产列表隐藏滚动条后仍可滚动，浮岛设置作用于整个工作区 (2.1s)
  ok 157 tests\browser\settings-scroll.spec.ts:168:1 › 资产列表隐藏滚动条后仍可滚动，浮岛设置作用于整个工作区 (2.1s)
  ok 160 tests\browser\settings-scroll.spec.ts:168:1 › 资产列表隐藏滚动条后仍可滚动，浮岛设置作用于整个工作区 (2.0s)
  ok 159 tests\browser\settings-scroll.spec.ts:168:1 › 资产列表隐藏滚动条后仍可滚动，浮岛设置作用于整个工作区 (2.1s)
  ok 158 tests\browser\settings-scroll.spec.ts:168:1 › 资产列表隐藏滚动条后仍可滚动，浮岛设置作用于整个工作区 (2.2s)

  160 passed (24.0s)
