[WebServer] (node:66860) Warning: The 'NO_COLOR' env is ignored due to the 'FORCE_COLOR' env being set.
[WebServer] (Use `node --trace-warnings ...` to show where the warning was created)

Running 40 tests using 5 workers

(node:73616) Warning: The 'NO_COLOR' env is ignored due to the 'FORCE_COLOR' env being set.
(Use `node --trace-warnings ...` to show where the warning was created)
(node:54816) Warning: The 'NO_COLOR' env is ignored due to the 'FORCE_COLOR' env being set.
(Use `node --trace-warnings ...` to show where the warning was created)
(node:52048) Warning: The 'NO_COLOR' env is ignored due to the 'FORCE_COLOR' env being set.
(Use `node --trace-warnings ...` to show where the warning was created)
(node:62636) Warning: The 'NO_COLOR' env is ignored due to the 'FORCE_COLOR' env being set.
(Use `node --trace-warnings ...` to show where the warning was created)
(node:20848) Warning: The 'NO_COLOR' env is ignored due to the 'FORCE_COLOR' env being set.
(Use `node --trace-warnings ...` to show where the warning was created)
  ok  4 tests\browser\settings-scroll.spec.ts:4:1 › 窄屏设置分类的同组入口保持在底部导航内 (685ms)
  ok  3 tests\browser\settings-scroll.spec.ts:4:1 › 窄屏设置分类的同组入口保持在底部导航内 (954ms)
  x   1 tests\browser\settings-scroll.spec.ts:4:1 › 窄屏设置分类的同组入口保持在底部导航内 (642ms)
  x   5 tests\browser\settings-scroll.spec.ts:4:1 › 窄屏设置分类的同组入口保持在底部导航内 (683ms)
  x   2 tests\browser\settings-scroll.spec.ts:4:1 › 窄屏设置分类的同组入口保持在底部导航内 (621ms)
(node:44172) Warning: The 'NO_COLOR' env is ignored due to the 'FORCE_COLOR' env being set.
(Use `node --trace-warnings ...` to show where the warning was created)
(node:75840) Warning: The 'NO_COLOR' env is ignored due to the 'FORCE_COLOR' env being set.
(Use `node --trace-warnings ...` to show where the warning was created)
(node:69476) Warning: The 'NO_COLOR' env is ignored due to the 'FORCE_COLOR' env being set.
(Use `node --trace-warnings ...` to show where the warning was created)
  ok  6 tests\browser\settings-scroll.spec.ts:23:1 › 插件、技能、伙伴标签可用方向键切换并显示对应内容 (675ms)
  ok  7 tests\browser\settings-scroll.spec.ts:23:1 › 插件、技能、伙伴标签可用方向键切换并显示对应内容 (700ms)
  ok 11 tests\browser\settings-scroll.spec.ts:40:1 › 手机扩展标签保持单行和触屏命中区 (745ms)
  ok 12 tests\browser\settings-scroll.spec.ts:40:1 › 手机扩展标签保持单行和触屏命中区 (752ms)
  ok 10 tests\browser\settings-scroll.spec.ts:23:1 › 插件、技能、伙伴标签可用方向键切换并显示对应内容 (859ms)
  ok  9 tests\browser\settings-scroll.spec.ts:23:1 › 插件、技能、伙伴标签可用方向键切换并显示对应内容 (894ms)
  ok  8 tests\browser\settings-scroll.spec.ts:23:1 › 插件、技能、伙伴标签可用方向键切换并显示对应内容 (893ms)
  ok 15 tests\browser\settings-scroll.spec.ts:40:1 › 手机扩展标签保持单行和触屏命中区 (661ms)
  ok 13 tests\browser\settings-scroll.spec.ts:56:1 › 首页伙伴和插件管理入口到达对应设置标签 (991ms)
  ok 17 tests\browser\settings-scroll.spec.ts:40:1 › 手机扩展标签保持单行和触屏命中区 (678ms)
  ok 16 tests\browser\settings-scroll.spec.ts:40:1 › 手机扩展标签保持单行和触屏命中区 (691ms)
  ok 14 tests\browser\settings-scroll.spec.ts:56:1 › 首页伙伴和插件管理入口到达对应设置标签 (1.1s)
  ok 18 tests\browser\settings-scroll.spec.ts:56:1 › 首页伙伴和插件管理入口到达对应设置标签 (999ms)
  ok 21 tests\browser\settings-scroll.spec.ts:56:1 › 首页伙伴和插件管理入口到达对应设置标签 (1.0s)
  ok 20 tests\browser\settings-scroll.spec.ts:56:1 › 首页伙伴和插件管理入口到达对应设置标签 (1.1s)
  ok 19 tests\browser\settings-scroll.spec.ts:85:3 › 隐藏滚动条后设置仍可滚轮、键盘滚动并访问全部分类 779 (1.3s)
  ok 22 tests\browser\settings-scroll.spec.ts:85:3 › 隐藏滚动条后设置仍可滚轮、键盘滚动并访问全部分类 779 (1.3s)
  ok 24 tests\browser\settings-scroll.spec.ts:85:3 › 隐藏滚动条后设置仍可滚轮、键盘滚动并访问全部分类 779 (1.2s)
  ok 23 tests\browser\settings-scroll.spec.ts:85:3 › 隐藏滚动条后设置仍可滚轮、键盘滚动并访问全部分类 779 (1.3s)
  ok 25 tests\browser\settings-scroll.spec.ts:85:3 › 隐藏滚动条后设置仍可滚轮、键盘滚动并访问全部分类 779 (1.3s)
  ok 26 tests\browser\settings-scroll.spec.ts:85:3 › 隐藏滚动条后设置仍可滚轮、键盘滚动并访问全部分类 390 (1.3s)
  ok 27 tests\browser\settings-scroll.spec.ts:85:3 › 隐藏滚动条后设置仍可滚轮、键盘滚动并访问全部分类 390 (1.3s)
  ok 31 tests\browser\settings-scroll.spec.ts:125:1 › 手机设置分类固定在底部横向滑块 (578ms)
  ok 32 tests\browser\settings-scroll.spec.ts:125:1 › 手机设置分类固定在底部横向滑块 (583ms)
  ok 28 tests\browser\settings-scroll.spec.ts:85:3 › 隐藏滚动条后设置仍可滚轮、键盘滚动并访问全部分类 390 (1.3s)
  ok 29 tests\browser\settings-scroll.spec.ts:85:3 › 隐藏滚动条后设置仍可滚轮、键盘滚动并访问全部分类 390 (1.3s)
  ok 30 tests\browser\settings-scroll.spec.ts:85:3 › 隐藏滚动条后设置仍可滚轮、键盘滚动并访问全部分类 390 (1.3s)
  x  35 tests\browser\settings-scroll.spec.ts:125:1 › 手机设置分类固定在底部横向滑块 (413ms)
  ok 36 tests\browser\settings-scroll.spec.ts:125:1 › 手机设置分类固定在底部横向滑块 (697ms)
  x  37 tests\browser\settings-scroll.spec.ts:125:1 › 手机设置分类固定在底部横向滑块 (442ms)
(node:25128) Warning: The 'NO_COLOR' env is ignored due to the 'FORCE_COLOR' env being set.
(Use `node --trace-warnings ...` to show where the warning was created)
(node:33928) Warning: The 'NO_COLOR' env is ignored due to the 'FORCE_COLOR' env being set.
(Use `node --trace-warnings ...` to show where the warning was created)
  ok 33 tests\browser\settings-scroll.spec.ts:145:1 › 资产列表隐藏滚动条后仍可滚动，浮岛设置作用于整个工作区 (2.0s)
  ok 34 tests\browser\settings-scroll.spec.ts:145:1 › 资产列表隐藏滚动条后仍可滚动，浮岛设置作用于整个工作区 (2.1s)
  ok 38 tests\browser\settings-scroll.spec.ts:145:1 › 资产列表隐藏滚动条后仍可滚动，浮岛设置作用于整个工作区 (2.1s)
  ok 39 tests\browser\settings-scroll.spec.ts:145:1 › 资产列表隐藏滚动条后仍可滚动，浮岛设置作用于整个工作区 (2.1s)
  ok 40 tests\browser\settings-scroll.spec.ts:145:1 › 资产列表隐藏滚动条后仍可滚动，浮岛设置作用于整个工作区 (2.1s)


  1) tests\browser\settings-scroll.spec.ts:4:1 › 窄屏设置分类的同组入口保持在底部导航内 ───────────────────────────────

    Error: expect(received).toBeLessThanOrEqual(expected)

    Expected: <= 2
    Received:    2.0382080078125

      14 |     .boundingBox())!;
      15 |   const bar = (await nav.boundingBox())!;
    > 16 |   expect(Math.abs(general.y - account.y)).toBeLessThanOrEqual(2);
         |                                           ^
      17 |   expect(account.y).toBeGreaterThanOrEqual(bar.y);
      18 |   expect(account.y + account.height).toBeLessThanOrEqual(
      19 |     bar.y + bar.height + 1,
        at D:\kk-studio\.worktrees\T7-desktop-installer\tests\browser\settings-scroll.spec.ts:16:43

    Error Context: test-results\installer-settings-recheck\settings-scroll-窄屏设置分类的同组入口保持在底部导航内\error-context.md

  2) tests\browser\settings-scroll.spec.ts:125:1 › 手机设置分类固定在底部横向滑块 ─────────────────────────────────

    Error: expect(received).toBeLessThanOrEqual(expected)

    Expected: <= 2
    Received:    2.00994873046875

      135 |   expect(
      136 |     Math.abs(sidebarBox.y + sidebarBox.height - (panelBox.y + panelBox.height)),
    > 137 |   ).toBeLessThanOrEqual(2);
          |     ^
      138 |   expect(await nav.evaluate((el) => el.scrollWidth)).toBeGreaterThan(
      139 |     await nav.evaluate((el) => el.clientWidth),
      140 |   );
        at D:\kk-studio\.worktrees\T7-desktop-installer\tests\browser\settings-scroll.spec.ts:137:5

    Error Context: test-results\installer-settings-recheck\settings-scroll-手机设置分类固定在底部横向滑块\error-context.md

  3) tests\browser\settings-scroll.spec.ts:4:1 › 窄屏设置分类的同组入口保持在底部导航内 ───────────────────────────────

    Error: expect(received).toBeLessThanOrEqual(expected)

    Expected: <= 2
    Received:    3.31378173828125

      14 |     .boundingBox())!;
      15 |   const bar = (await nav.boundingBox())!;
    > 16 |   expect(Math.abs(general.y - account.y)).toBeLessThanOrEqual(2);
         |                                           ^
      17 |   expect(account.y).toBeGreaterThanOrEqual(bar.y);
      18 |   expect(account.y + account.height).toBeLessThanOrEqual(
      19 |     bar.y + bar.height + 1,
        at D:\kk-studio\.worktrees\T7-desktop-installer\tests\browser\settings-scroll.spec.ts:16:43

    Error Context: test-results\installer-settings-recheck\settings-scroll-窄屏设置分类的同组入口保持在底部导航内-repeat1\error-context.md

  4) tests\browser\settings-scroll.spec.ts:125:1 › 手机设置分类固定在底部横向滑块 ─────────────────────────────────

    Error: expect(received).toBeLessThanOrEqual(expected)

    Expected: <= 2
    Received:    2.00958251953125

      135 |   expect(
      136 |     Math.abs(sidebarBox.y + sidebarBox.height - (panelBox.y + panelBox.height)),
    > 137 |   ).toBeLessThanOrEqual(2);
          |     ^
      138 |   expect(await nav.evaluate((el) => el.scrollWidth)).toBeGreaterThan(
      139 |     await nav.evaluate((el) => el.clientWidth),
      140 |   );
        at D:\kk-studio\.worktrees\T7-desktop-installer\tests\browser\settings-scroll.spec.ts:137:5

    Error Context: test-results\installer-settings-recheck\settings-scroll-手机设置分类固定在底部横向滑块-repeat1\error-context.md

  5) tests\browser\settings-scroll.spec.ts:4:1 › 窄屏设置分类的同组入口保持在底部导航内 ───────────────────────────────

    Error: expect(received).toBeLessThanOrEqual(expected)

    Expected: <= 2
    Received:    2.03497314453125

      14 |     .boundingBox())!;
      15 |   const bar = (await nav.boundingBox())!;
    > 16 |   expect(Math.abs(general.y - account.y)).toBeLessThanOrEqual(2);
         |                                           ^
      17 |   expect(account.y).toBeGreaterThanOrEqual(bar.y);
      18 |   expect(account.y + account.height).toBeLessThanOrEqual(
      19 |     bar.y + bar.height + 1,
        at D:\kk-studio\.worktrees\T7-desktop-installer\tests\browser\settings-scroll.spec.ts:16:43

    Error Context: test-results\installer-settings-recheck\settings-scroll-窄屏设置分类的同组入口保持在底部导航内-repeat4\error-context.md

  5 failed
    tests\browser\settings-scroll.spec.ts:4:1 › 窄屏设置分类的同组入口保持在底部导航内 ────────────────────────────────
    tests\browser\settings-scroll.spec.ts:125:1 › 手机设置分类固定在底部横向滑块 ──────────────────────────────────
    tests\browser\settings-scroll.spec.ts:4:1 › 窄屏设置分类的同组入口保持在底部导航内 ────────────────────────────────
    tests\browser\settings-scroll.spec.ts:125:1 › 手机设置分类固定在底部横向滑块 ──────────────────────────────────
    tests\browser\settings-scroll.spec.ts:4:1 › 窄屏设置分类的同组入口保持在底部导航内 ────────────────────────────────
  35 passed (11.7s)
