✖ reported image declarations preserve unsupported operations and zero reference allowance (1.4126ms)
✖ malformed capability values stay unknown instead of disabling or authorizing an operation (0.3762ms)
✖ catalog saves and reloads only whitelisted capability metadata (0.9705ms)
✖ manual declarations survive reported refresh for the same exact account and model (1.2743ms)
✖ same route in two accounts keeps separate declarations and identity edits invalidate old capabilities (0.3727ms)
✔ legacy v1 catalogs retain sizes while absent capability declarations remain unknown (0.5071ms)
ℹ tests 6
ℹ suites 0
ℹ pass 1
ℹ fail 5
ℹ cancelled 0
ℹ skipped 0
ℹ todo 0
ℹ duration_ms 82.2907

✖ failing tests:

test at tests\unit\imageModelCapabilities.test.ts:45:1
✖ reported image declarations preserve unsupported operations and zero reference allowance (1.4126ms)
  AssertionError [ERR_ASSERTION]: Expected values to be strictly deep-equal:
  + actual - expected
  
  + undefined
  - {
  -   edit: false,
  -   generate: true,
  -   inpaint: false,
  -   maxGenerationCount: 2,
  -   maxReferences: 0,
  -   outpaint: true
  - }
  
      at TestContext.<anonymous> (file:///D:/kk-studio/KK-Studio-2.0/.worktrees/TASK-MODEL-001-capabilities/tests/unit/imageModelCapabilities.test.ts:59:10)
      at Test.runInAsyncScope (node:async_hooks:227:14)
      at Test.run (node:internal/test_runner/test:1382:25)
      at Test.start (node:internal/test_runner/test:1242:17)
      at startSubtestAfterBootstrap (node:internal/test_runner/harness:387:17) {
    generatedMessage: true,
    code: 'ERR_ASSERTION',
    actual: undefined,
    expected: { generate: true, edit: false, inpaint: false, outpaint: true, maxReferences: 0, maxGenerationCount: 2 },
    operator: 'deepStrictEqual',
    diff: 'simple'
  }

test at tests\unit\imageModelCapabilities.test.ts:67:1
✖ malformed capability values stay unknown instead of disabling or authorizing an operation (0.3762ms)
  AssertionError [ERR_ASSERTION]: Expected values to be strictly deep-equal:
  + actual - expected
  
  + undefined
  - {
  -   edit: false
  - }
  
      at TestContext.<anonymous> (file:///D:/kk-studio/KK-Studio-2.0/.worktrees/TASK-MODEL-001-capabilities/tests/unit/imageModelCapabilities.test.ts:82:10)
      at Test.runInAsyncScope (node:async_hooks:227:14)
      at Test.run (node:internal/test_runner/test:1382:25)
      at Test.processPendingSubtests (node:internal/test_runner/test:960:18)
      at Test.postRun (node:internal/test_runner/test:1522:19)
      at Test.run (node:internal/test_runner/test:1447:12)
      at async startSubtestAfterBootstrap (node:internal/test_runner/harness:387:3) {
    generatedMessage: true,
    code: 'ERR_ASSERTION',
    actual: undefined,
    expected: { edit: false },
    operator: 'deepStrictEqual',
    diff: 'simple'
  }

test at tests\unit\imageModelCapabilities.test.ts:85:1
✖ catalog saves and reloads only whitelisted capability metadata (0.9705ms)
  AssertionError [ERR_ASSERTION]: Expected values to be strictly equal:
  
  true !== false
  
      at TestContext.<anonymous> (file:///D:/kk-studio/KK-Studio-2.0/.worktrees/TASK-MODEL-001-capabilities/tests/unit/imageModelCapabilities.test.ts:92:10)
      at Test.runInAsyncScope (node:async_hooks:227:14)
      at Test.run (node:internal/test_runner/test:1382:25)
      at Test.processPendingSubtests (node:internal/test_runner/test:960:18)
      at Test.postRun (node:internal/test_runner/test:1522:19)
      at Test.run (node:internal/test_runner/test:1447:12)
      at async Test.processPendingSubtests (node:internal/test_runner/test:960:7) {
    generatedMessage: true,
    code: 'ERR_ASSERTION',
    actual: true,
    expected: false,
    operator: 'strictEqual',
    diff: 'simple'
  }

test at tests\unit\imageModelCapabilities.test.ts:97:1
✖ manual declarations survive reported refresh for the same exact account and model (1.2743ms)
  AssertionError [ERR_ASSERTION]: Expected values to be strictly deep-equal:
  + actual - expected
  
  + undefined
  - {
  -   edit: false,
  -   maxGenerationCount: 2
  - }
  
      at TestContext.<anonymous> (file:///D:/kk-studio/KK-Studio-2.0/.worktrees/TASK-MODEL-001-capabilities/tests/unit/imageModelCapabilities.test.ts:106:10)
      at Test.runInAsyncScope (node:async_hooks:227:14)
      at Test.run (node:internal/test_runner/test:1382:25)
      at Test.processPendingSubtests (node:internal/test_runner/test:960:18)
      at Test.postRun (node:internal/test_runner/test:1522:19)
      at Test.run (node:internal/test_runner/test:1447:12)
      at async Test.processPendingSubtests (node:internal/test_runner/test:960:7) {
    generatedMessage: true,
    code: 'ERR_ASSERTION',
    actual: undefined,
    expected: { edit: false, maxGenerationCount: 2 },
    operator: 'deepStrictEqual',
    diff: 'simple'
  }

test at tests\unit\imageModelCapabilities.test.ts:109:1
✖ same route in two accounts keeps separate declarations and identity edits invalidate old capabilities (0.3727ms)
  AssertionError [ERR_ASSERTION]: Expected values to be strictly deep-equal:
  + actual - expected
  
  + undefined
  - {
  -   edit: false
  - }
  
      at TestContext.<anonymous> (file:///D:/kk-studio/KK-Studio-2.0/.worktrees/TASK-MODEL-001-capabilities/tests/unit/imageModelCapabilities.test.ts:120:10)
      at Test.runInAsyncScope (node:async_hooks:227:14)
      at Test.run (node:internal/test_runner/test:1382:25)
      at Test.processPendingSubtests (node:internal/test_runner/test:960:18)
      at Test.postRun (node:internal/test_runner/test:1522:19)
      at Test.run (node:internal/test_runner/test:1447:12)
      at async Test.processPendingSubtests (node:internal/test_runner/test:960:7) {
    generatedMessage: true,
    code: 'ERR_ASSERTION',
    actual: undefined,
    expected: { edit: false },
    operator: 'deepStrictEqual',
    diff: 'simple'
  }
